Archive member included to satisfy reference by file (symbol)

c:/program files (x86)/atollic/truestudio for arm 6.0.0/armtools/bin/../lib/gcc/arm-atollic-eabi/5.3.1/../../../../arm-atollic-eabi/lib/armv7e-m/fpu\libc.a(lib_a-init.o)
                              Drivers\CMSIS\Device\ST\STM32F3xx\Source\Templates\gcc\startup_stm32f303xc.o (__libc_init_array)
c:/program files (x86)/atollic/truestudio for arm 6.0.0/armtools/bin/../lib/gcc/arm-atollic-eabi/5.3.1/../../../../arm-atollic-eabi/lib/armv7e-m/fpu\libc.a(lib_a-printf.o)
                              Src\main.o (printf)
c:/program files (x86)/atollic/truestudio for arm 6.0.0/armtools/bin/../lib/gcc/arm-atollic-eabi/5.3.1/../../../../arm-atollic-eabi/lib/armv7e-m/fpu\libc.a(lib_a-scanf.o)
                              Src\main.o (scanf)
c:/program files (x86)/atollic/truestudio for arm 6.0.0/armtools/bin/../lib/gcc/arm-atollic-eabi/5.3.1/../../../../arm-atollic-eabi/lib/armv7e-m/fpu\libc.a(lib_a-vfprintf.o)
                              c:/program files (x86)/atollic/truestudio for arm 6.0.0/armtools/bin/../lib/gcc/arm-atollic-eabi/5.3.1/../../../../arm-atollic-eabi/lib/armv7e-m/fpu\libc.a(lib_a-printf.o) (_vfprintf_r)
c:/program files (x86)/atollic/truestudio for arm 6.0.0/armtools/bin/../lib/gcc/arm-atollic-eabi/5.3.1/../../../../arm-atollic-eabi/lib/armv7e-m/fpu\libc.a(lib_a-vfscanf.o)
                              c:/program files (x86)/atollic/truestudio for arm 6.0.0/armtools/bin/../lib/gcc/arm-atollic-eabi/5.3.1/../../../../arm-atollic-eabi/lib/armv7e-m/fpu\libc.a(lib_a-scanf.o) (_vfscanf_r)
c:/program files (x86)/atollic/truestudio for arm 6.0.0/armtools/bin/../lib/gcc/arm-atollic-eabi/5.3.1/../../../../arm-atollic-eabi/lib/armv7e-m/fpu\libc.a(lib_a-wsetup.o)
                              c:/program files (x86)/atollic/truestudio for arm 6.0.0/armtools/bin/../lib/gcc/arm-atollic-eabi/5.3.1/../../../../arm-atollic-eabi/lib/armv7e-m/fpu\libc.a(lib_a-vfprintf.o) (__swsetup_r)
c:/program files (x86)/atollic/truestudio for arm 6.0.0/armtools/bin/../lib/gcc/arm-atollic-eabi/5.3.1/../../../../arm-atollic-eabi/lib/armv7e-m/fpu\libc.a(lib_a-ctype_.o)
                              c:/program files (x86)/atollic/truestudio for arm 6.0.0/armtools/bin/../lib/gcc/arm-atollic-eabi/5.3.1/../../../../arm-atollic-eabi/lib/armv7e-m/fpu\libc.a(lib_a-vfscanf.o) (__ctype_ptr__)
c:/program files (x86)/atollic/truestudio for arm 6.0.0/armtools/bin/../lib/gcc/arm-atollic-eabi/5.3.1/../../../../arm-atollic-eabi/lib/armv7e-m/fpu\libc.a(lib_a-dtoa.o)
                              c:/program files (x86)/atollic/truestudio for arm 6.0.0/armtools/bin/../lib/gcc/arm-atollic-eabi/5.3.1/../../../../arm-atollic-eabi/lib/armv7e-m/fpu\libc.a(lib_a-vfprintf.o) (_dtoa_r)
c:/program files (x86)/atollic/truestudio for arm 6.0.0/armtools/bin/../lib/gcc/arm-atollic-eabi/5.3.1/../../../../arm-atollic-eabi/lib/armv7e-m/fpu\libc.a(lib_a-fflush.o)
                              c:/program files (x86)/atollic/truestudio for arm 6.0.0/armtools/bin/../lib/gcc/arm-atollic-eabi/5.3.1/../../../../arm-atollic-eabi/lib/armv7e-m/fpu\libc.a(lib_a-vfprintf.o) (_fflush_r)
c:/program files (x86)/atollic/truestudio for arm 6.0.0/armtools/bin/../lib/gcc/arm-atollic-eabi/5.3.1/../../../../arm-atollic-eabi/lib/armv7e-m/fpu\libc.a(lib_a-findfp.o)
                              c:/program files (x86)/atollic/truestudio for arm 6.0.0/armtools/bin/../lib/gcc/arm-atollic-eabi/5.3.1/../../../../arm-atollic-eabi/lib/armv7e-m/fpu\libc.a(lib_a-printf.o) (__sinit)
c:/program files (x86)/atollic/truestudio for arm 6.0.0/armtools/bin/../lib/gcc/arm-atollic-eabi/5.3.1/../../../../arm-atollic-eabi/lib/armv7e-m/fpu\libc.a(lib_a-fread.o)
                              c:/program files (x86)/atollic/truestudio for arm 6.0.0/armtools/bin/../lib/gcc/arm-atollic-eabi/5.3.1/../../../../arm-atollic-eabi/lib/armv7e-m/fpu\libc.a(lib_a-vfscanf.o) (_fread_r)
c:/program files (x86)/atollic/truestudio for arm 6.0.0/armtools/bin/../lib/gcc/arm-atollic-eabi/5.3.1/../../../../arm-atollic-eabi/lib/armv7e-m/fpu\libc.a(lib_a-freer.o)
                              c:/program files (x86)/atollic/truestudio for arm 6.0.0/armtools/bin/../lib/gcc/arm-atollic-eabi/5.3.1/../../../../arm-atollic-eabi/lib/armv7e-m/fpu\libc.a(lib_a-wsetup.o) (_free_r)
c:/program files (x86)/atollic/truestudio for arm 6.0.0/armtools/bin/../lib/gcc/arm-atollic-eabi/5.3.1/../../../../arm-atollic-eabi/lib/armv7e-m/fpu\libc.a(lib_a-fwalk.o)
                              c:/program files (x86)/atollic/truestudio for arm 6.0.0/armtools/bin/../lib/gcc/arm-atollic-eabi/5.3.1/../../../../arm-atollic-eabi/lib/armv7e-m/fpu\libc.a(lib_a-findfp.o) (_fwalk)
c:/program files (x86)/atollic/truestudio for arm 6.0.0/armtools/bin/../lib/gcc/arm-atollic-eabi/5.3.1/../../../../arm-atollic-eabi/lib/armv7e-m/fpu\libc.a(lib_a-impure.o)
[...]
Memory Configuration

Name             Origin             Length             Attributes
FLASH            0x08000000         0x00040000         xr
RAM              0x20000000         0x0000a000         xrw
CCMRAM           0x10000000         0x00002000         rw
*default*        0x00000000         0xffffffff

Linker script and memory map

LOAD c:/program files (x86)/atollic/truestudio for arm 6.0.0/armtools/bin/../lib/gcc/arm-atollic-eabi/5.3.1/armv7e-m/fpu/crti.o
LOAD c:/program files (x86)/atollic/truestudio for arm 6.0.0/armtools/bin/../lib/gcc/arm-atollic-eabi/5.3.1/armv7e-m/fpu/crtbegin.o
LOAD Drivers\CMSIS\Device\ST\STM32F3xx\Source\Templates\gcc\startup_stm32f303xc.o
LOAD Drivers\CMSIS\Device\ST\STM32F3xx\Source\Templates\system_stm32f3xx.o
LOAD Drivers\STM32F3xx_HAL_Driver\Src\stm32f3xx_hal.o
LOAD Drivers\STM32F3xx_HAL_Driver\Src\stm32f3xx_hal_adc.o
LOAD Drivers\STM32F3xx_HAL_Driver\Src\stm32f3xx_hal_adc_ex.o
LOAD Drivers\STM32F3xx_HAL_Driver\Src\stm32f3xx_hal_cortex.o
LOAD Drivers\STM32F3xx_HAL_Driver\Src\stm32f3xx_hal_dma.o
LOAD Drivers\STM32F3xx_HAL_Driver\Src\stm32f3xx_hal_flash.o
LOAD Drivers\STM32F3xx_HAL_Driver\Src\stm32f3xx_hal_flash_ex.o
LOAD Drivers\STM32F3xx_HAL_Driver\Src\stm32f3xx_hal_gpio.o
LOAD Drivers\STM32F3xx_HAL_Driver\Src\stm32f3xx_hal_i2c.o
LOAD Drivers\STM32F3xx_HAL_Driver\Src\stm32f3xx_hal_i2c_ex.o
LOAD Drivers\STM32F3xx_HAL_Driver\Src\stm32f3xx_hal_pcd.o
LOAD Drivers\STM32F3xx_HAL_Driver\Src\stm32f3xx_hal_pcd_ex.o
LOAD Drivers\STM32F3xx_HAL_Driver\Src\stm32f3xx_hal_pwr.o
LOAD Drivers\STM32F3xx_HAL_Driver\Src\stm32f3xx_hal_pwr_ex.o
LOAD Drivers\STM32F3xx_HAL_Driver\Src\stm32f3xx_hal_rcc.o
LOAD Drivers\STM32F3xx_HAL_Driver\Src\stm32f3xx_hal_rcc_ex.o
LOAD Drivers\STM32F3xx_HAL_Driver\Src\stm32f3xx_hal_tim.o
LOAD Drivers\STM32F3xx_HAL_Driver\Src\stm32f3xx_hal_tim_ex.o
LOAD Middlewares\ST\STM32_USB_Device_Library\Class\CDC\Src\usbd_cdc.o
LOAD Middlewares\ST\STM32_USB_Device_Library\Core\Src\usbd_core.o
LOAD Middlewares\ST\STM32_USB_Device_Library\Core\Src\usbd_ctlreq.o
LOAD Middlewares\ST\STM32_USB_Device_Library\Core\Src\usbd_ioreq.o
LOAD Src\HD44780_F3.o
LOAD Src\main.o
LOAD Src\stm32f3xx_hal_msp.o
LOAD Src\stm32f3xx_it.o
LOAD Src\usb_device.o
LOAD Src\usbd_cdc_if.o
LOAD Src\usbd_conf.o
LOAD Src\usbd_desc.o
LOAD Src\vcp_prog8125.o
START GROUP
LOAD c:/program files (x86)/atollic/truestudio for arm 6.0.0/armtools/bin/../lib/gcc/arm-atollic-eabi/5.3.1/../../../../arm-atollic-eabi/lib/armv7e-m/fpu\libc.a
LOAD c:/program files (x86)/atollic/truestudio for arm 6.0.0/armtools/bin/../lib/gcc/arm-atollic-eabi/5.3.1/../../../../arm-atollic-eabi/lib/armv7e-m/fpu\libm.a
END GROUP
                0x00000080                malloc_getpagesize_P = 0x80
START GROUP
LOAD c:/program files (x86)/atollic/truestudio for arm 6.0.0/armtools/bin/../lib/gcc/arm-atollic-eabi/5.3.1/armv7e-m/fpu\libgcc.a
LOAD c:/program files (x86)/atollic/truestudio for arm 6.0.0/armtools/bin/../lib/gcc/arm-atollic-eabi/5.3.1/../../../../arm-atollic-eabi/lib/armv7e-m/fpu\libc.a
END GROUP
START GROUP
LOAD c:/program files (x86)/atollic/truestudio for arm 6.0.0/armtools/bin/../lib/gcc/arm-atollic-eabi/5.3.1/armv7e-m/fpu\libgcc.a
LOAD c:/program files (x86)/atollic/truestudio for arm 6.0.0/armtools/bin/../lib/gcc/arm-atollic-eabi/5.3.1/../../../../arm-atollic-eabi/lib/armv7e-m/fpu\libc.a
LOAD c:/program files (x86)/atollic/truestudio for arm 6.0.0/armtools/bin/../lib/gcc/arm-atollic-eabi/5.3.1/../../../../arm-atollic-eabi/lib/armv7e-m/fpu\libnosys.a
END GROUP
LOAD c:/program files (x86)/atollic/truestudio for arm 6.0.0/armtools/bin/../lib/gcc/arm-atollic-eabi/5.3.1/armv7e-m/fpu/crtend.o
LOAD c:/program files (x86)/atollic/truestudio for arm 6.0.0/armtools/bin/../lib/gcc/arm-atollic-eabi/5.3.1/armv7e-m/fpu/crtn.o
                0x2000a000                _estack = 0x2000a000
                0x00000200                _Min_Heap_Size = 0x200
                0x00000400                _Min_Stack_Size = 0x400

.isr_vector     0x08000000      0x188
                0x08000000                . = ALIGN (0x4)
 *(.isr_vector)
 .isr_vector    0x08000000      0x188 Drivers\CMSIS\Device\ST\STM32F3xx\Source\Templates\gcc\startup_stm32f303xc.o
                0x08000000                g_pfnVectors
                0x08000188                . = ALIGN (0x4)

.text           0x08000190     0xcb74
                0x08000190                . = ALIGN (0x4)
 *(.text)
 .text          0x08000190       0x40 c:/program files (x86)/atollic/truestudio for arm 6.0.0/armtools/bin/../lib/gcc/arm-atollic-eabi/5.3.1/armv7e-m/fpu/crtbegin.o
 .text          0x080001d0       0xa0 c:/program files (x86)/atollic/truestudio for arm 6.0.0/armtools/bin/../lib/gcc/arm-atollic-eabi/5.3.1/../../../../arm-atollic-eabi/lib/armv7e-m/fpu\libc.a(lib_a-memchr.o)
                0x080001d0                memchr
 .text          0x08000270       0x10 c:/program files (x86)/atollic/truestudio for arm 6.0.0/armtools/bin/../lib/gcc/arm-atollic-eabi/5.3.1/../../../../arm-atollic-eabi/lib/armv7e-m/fpu\libc.a(lib_a-strlen.o)
                0x08000270                strlen
 .text          0x08000280      0x370 c:/program files (x86)/atollic/truestudio for arm 6.0.0/armtools/bin/../lib/gcc/arm-atollic-eabi/5.3.1/armv7e-m/fpu\libgcc.a(_arm_addsubdf3.o)
                0x08000280                __aeabi_drsub
                0x08000288                __aeabi_dsub
                0x08000288                __subdf3
                0x0800028c                __aeabi_dadd
                0x0800028c                __adddf3
                0x08000504                __floatunsidf
                0x08000504                __aeabi_ui2d
                0x08000524                __floatsidf
                0x08000524                __aeabi_i2d
                0x08000548                __aeabi_f2d
                0x08000548                __extendsfdf2
                0x08000584                __floatundidf
                0x08000584                __aeabi_ul2d
                0x08000594                __floatdidf
                0x08000594                __aeabi_l2d
 .text          0x080005f0      0x424 c:/program files (x86)/atollic/truestudio for arm 6.0.0/armtools/bin/../lib/gcc/arm-atollic-eabi/5.3.1/armv7e-m/fpu\libgcc.a(_arm_muldivdf3.o)
                0x080005f0                __aeabi_dmul
                0x080005f0                __muldf3
                0x08000844                __divdf3
                0x08000844                __aeabi_ddiv
 .text          0x08000a14      0x110 c:/program files (x86)/atollic/truestudio for arm 6.0.0/armtools/bin/../lib/gcc/arm-atollic-eabi/5.3.1/armv7e-m/fpu\libgcc.a(_arm_cmpdf2.o)
                0x08000a14                __gtdf2
                0x08000a14                __gedf2
                0x08000a1c                __ltdf2
                0x08000a1c                __ledf2
                0x08000a24                __nedf2
                0x08000a24                __eqdf2
                0x08000a24                __cmpdf2
                0x08000aa0                __aeabi_cdrcmple
                0x08000ab0                __aeabi_cdcmpeq
                0x08000ab0                __aeabi_cdcmple
                0x08000ac0                __aeabi_dcmpeq
                0x08000ad4                __aeabi_dcmplt
                0x08000ae8                __aeabi_dcmple
                0x08000afc                __aeabi_dcmpge
                0x08000b10                __aeabi_dcmpgt
 .text          0x08000b24       0x2c c:/program files (x86)/atollic/truestudio for arm 6.0.0/armtools/bin/../lib/gcc/arm-atollic-eabi/5.3.1/armv7e-m/fpu\libgcc.a(_arm_unorddf2.o)
                0x08000b24                __unorddf2
                0x08000b24                __aeabi_dcmpun
 .text          0x08000b50       0x50 c:/program files (x86)/atollic/truestudio for arm 6.0.0/armtools/bin/../lib/gcc/arm-atollic-eabi/5.3.1/armv7e-m/fpu\libgcc.a(_arm_fixdfsi.o)
                0x08000b50                __aeabi_d2iz
                0x08000b50                __fixdfsi
 .text          0x08000ba0       0x40 c:/program files (x86)/atollic/truestudio for arm 6.0.0/armtools/bin/../lib/gcc/arm-atollic-eabi/5.3.1/armv7e-m/fpu\libgcc.a(_arm_fixunsdfsi.o)
                0x08000ba0                __aeabi_d2uiz
                0x08000ba0                __fixunsdfsi
 .text          0x08000be0       0xa0 c:/program files (x86)/atollic/truestudio for arm 6.0.0/armtools/bin/../lib/gcc/arm-atollic-eabi/5.3.1/armv7e-m/fpu\libgcc.a(_arm_truncdfsf2.o)
                0x08000be0                __truncdfsf2
                0x08000be0                __aeabi_d2f
 .text          0x08000c80       0x30 c:/program files (x86)/atollic/truestudio for arm 6.0.0/armtools/bin/../lib/gcc/arm-atollic-eabi/5.3.1/armv7e-m/fpu\libgcc.a(_aeabi_uldivmod.o)
                0x08000c80                __aeabi_uldivmod
 .text          0x08000cb0      0x2e4 c:/program files (x86)/atollic/truestudio for arm 6.0.0/armtools/bin/../lib/gcc/arm-atollic-eabi/5.3.1/armv7e-m/fpu\libgcc.a(_udivmoddi4.o)
                0x08000cb0                __udivmoddi4
 .text          0x08000f94        0x4 c:/program files (x86)/atollic/truestudio for arm 6.0.0/armtools/bin/../lib/gcc/arm-atollic-eabi/5.3.1/armv7e-m/fpu\libgcc.a(_dvmd_tls.o)
                0x08000f94                __aeabi_idiv0
                0x08000f94                __aeabi_ldiv0
 *(.text*)
 .text.Reset_Handler
                0x08000f98       0x50 Drivers\CMSIS\Device\ST\STM32F3xx\Source\Templates\gcc\startup_stm32f303xc.o
                0x08000f98                Reset_Handler
 .text.Default_Handler
                0x08000fe8        0x2 Drivers\CMSIS\Device\ST\STM32F3xx\Source\Templates\gcc\startup_stm32f303xc.o
                0x08000fe8                RTC_Alarm_IRQHandler
                0x08000fe8                TIM8_TRG_COM_IRQHandler
                0x08000fe8                TIM8_CC_IRQHandler
                0x08000fe8                TIM1_CC_IRQHandler
                0x08000fe8                USB_HP_IRQHandler
                0x08000fe8                PVD_IRQHandler
                0x08000fe8                TAMP_STAMP_IRQHandler
                0x08000fe8                EXTI3_IRQHandler
                0x08000fe8                USB_HP_CAN_TX_IRQHandler
                0x08000fe8                EXTI0_IRQHandler
                0x08000fe8                I2C2_EV_IRQHandler
                0x08000fe8                FPU_IRQHandler
                0x08000fe8                TIM1_UP_TIM16_IRQHandler
                0x08000fe8                ADC1_2_IRQHandler
                0x08000fe8                SPI1_IRQHandler
                0x08000fe8                CAN_SCE_IRQHandler
                0x08000fe8                TIM6_DAC_IRQHandler
                0x08000fe8                TIM8_UP_IRQHandler
                0x08000fe8                DMA2_Channel2_IRQHandler
                0x08000fe8                DMA1_Channel4_IRQHandler
                0x08000fe8                USART3_IRQHandler
                0x08000fe8                DMA1_Channel7_IRQHandler
                0x08000fe8                UART5_IRQHandler
                0x08000fe8                ADC3_IRQHandler
                0x08000fe8                TIM4_IRQHandler
                0x08000fe8                CAN_RX1_IRQHandler
                0x08000fe8                DMA2_Channel1_IRQHandler
                0x08000fe8                I2C1_EV_IRQHandler
                0x08000fe8                DMA1_Channel6_IRQHandler
                0x08000fe8                UART4_IRQHandler
                0x08000fe8                DMA2_Channel4_IRQHandler
                0x08000fe8                TIM3_IRQHandler
                0x08000fe8                RCC_IRQHandler
                0x08000fe8                DMA1_Channel1_IRQHandler
                0x08000fe8                Default_Handler
                0x08000fe8                USBWakeUp_RMP_IRQHandler
                0x08000fe8                EXTI15_10_IRQHandler
                0x08000fe8                TIM7_IRQHandler
                0x08000fe8                EXTI9_5_IRQHandler
                0x08000fe8                RTC_WKUP_IRQHandler
                0x08000fe8                SPI2_IRQHandler
                0x08000fe8                DMA2_Channel5_IRQHandler
                0x08000fe8                DMA1_Channel5_IRQHandler
                0x08000fe8                USB_LP_IRQHandler
                0x08000fe8                EXTI4_IRQHandler
                0x08000fe8                TIM1_TRG_COM_TIM17_IRQHandler
                0x08000fe8                DMA1_Channel3_IRQHandler
                0x08000fe8                ADC4_IRQHandler
                0x08000fe8                WWDG_IRQHandler
                0x08000fe8                TIM2_IRQHandler
                0x08000fe8                COMP7_IRQHandler
                0x08000fe8                COMP1_2_3_IRQHandler
                0x08000fe8                EXTI1_IRQHandler
                0x08000fe8                USART2_IRQHandler
                0x08000fe8                COMP4_5_6_IRQHandler
                0x08000fe8                I2C2_ER_IRQHandler
                0x08000fe8                DMA1_Channel2_IRQHandler
                0x08000fe8                TIM8_BRK_IRQHandler
                0x08000fe8                FLASH_IRQHandler
                0x08000fe8                USART1_IRQHandler
                0x08000fe8                SPI3_IRQHandler
                0x08000fe8                I2C1_ER_IRQHandler
                0x08000fe8                USBWakeUp_IRQHandler
                0x08000fe8                DMA2_Channel3_IRQHandler
                0x08000fe8                EXTI2_TSC_IRQHandler
                0x08000fe8                TIM1_BRK_TIM15_IRQHandler
 *fill*         0x08000fea        0x2 
 .text.SystemInit
                0x08000fec       0x68 Drivers\CMSIS\Device\ST\STM32F3xx\Source\Templates\system_stm32f3xx.o
                0x08000fec                SystemInit
 .text.HAL_InitTick
                0x08001054       0x2c Drivers\STM32F3xx_HAL_Driver\Src\stm32f3xx_hal.o
                0x08001054                HAL_InitTick
 .text.HAL_Init
                0x08001080       0x24 Drivers\STM32F3xx_HAL_Driver\Src\stm32f3xx_hal.o
                0x08001080                HAL_Init
 .text.HAL_IncTick
                0x080010a4       0x10 Drivers\STM32F3xx_HAL_Driver\Src\stm32f3xx_hal.o
                0x080010a4                HAL_IncTick
 .text.HAL_GetTick
                0x080010b4        0xc Drivers\STM32F3xx_HAL_Driver\Src\stm32f3xx_hal.o
                0x080010b4                HAL_GetTick
 .text.HAL_Delay
                0x080010c0       0x1c Drivers\STM32F3xx_HAL_Driver\Src\stm32f3xx_hal.o
                0x080010c0                HAL_Delay
 .text.ADC_Disable
                0x080010dc       0x8c Drivers\STM32F3xx_HAL_Driver\Src\stm32f3xx_hal_adc_ex.o
 .text.ADC_Enable
                0x08001168       0x84 Drivers\STM32F3xx_HAL_Driver\Src\stm32f3xx_hal_adc_ex.o
 .text.HAL_ADC_Init
                0x080011ec      0x298 Drivers\STM32F3xx_HAL_Driver\Src\stm32f3xx_hal_adc_ex.o
                0x080011ec                HAL_ADC_Init
 .text.HAL_ADC_Start
                0x08001484      0x18c Drivers\STM32F3xx_HAL_Driver\Src\stm32f3xx_hal_adc_ex.o
                0x08001484                HAL_ADC_Start
 .text.HAL_ADC_PollForConversion
                0x08001610      0x168 Drivers\STM32F3xx_HAL_Driver\Src\stm32f3xx_hal_adc_ex.o
                0x08001610                HAL_ADC_PollForConversion
 .text.HAL_ADC_GetValue
                0x08001778        0x8 Drivers\STM32F3xx_HAL_Driver\Src\stm32f3xx_hal_adc_ex.o
                0x08001778                HAL_ADC_GetValue
 .text.HAL_ADC_ConfigChannel
                0x08001780      0x3a8 Drivers\STM32F3xx_HAL_Driver\Src\stm32f3xx_hal_adc_ex.o
                0x08001780                HAL_ADC_ConfigChannel
 .text.HAL_NVIC_SetPriorityGrouping
                0x08001b28       0x24 Drivers\STM32F3xx_HAL_Driver\Src\stm32f3xx_hal_cortex.o
                0x08001b28                HAL_NVIC_SetPriorityGrouping
 .text.HAL_NVIC_SetPriority
                0x08001b4c       0x64 Drivers\STM32F3xx_HAL_Driver\Src\stm32f3xx_hal_cortex.o
                0x08001b4c                HAL_NVIC_SetPriority
 .text.HAL_NVIC_EnableIRQ
                0x08001bb0       0x18 Drivers\STM32F3xx_HAL_Driver\Src\stm32f3xx_hal_cortex.o
                0x08001bb0                HAL_NVIC_EnableIRQ
 .text.HAL_SYSTICK_Config
                0x08001bc8       0x2c Drivers\STM32F3xx_HAL_Driver\Src\stm32f3xx_hal_cortex.o
                0x08001bc8                HAL_SYSTICK_Config
 .text.HAL_SYSTICK_CLKSourceConfig
                0x08001bf4       0x20 Drivers\STM32F3xx_HAL_Driver\Src\stm32f3xx_hal_cortex.o
                0x08001bf4                HAL_SYSTICK_CLKSourceConfig
 .text.HAL_SYSTICK_Callback
                0x08001c14        0x4 Drivers\STM32F3xx_HAL_Driver\Src\stm32f3xx_hal_cortex.o
                0x08001c14                HAL_SYSTICK_Callback
 .text.HAL_SYSTICK_IRQHandler
                0x08001c18        0x8 Drivers\STM32F3xx_HAL_Driver\Src\stm32f3xx_hal_cortex.o
                0x08001c18                HAL_SYSTICK_IRQHandler
 .text.HAL_GPIO_Init
                0x08001c20      0x194 Drivers\STM32F3xx_HAL_Driver\Src\stm32f3xx_hal_gpio.o
                0x08001c20                HAL_GPIO_Init
 .text.HAL_GPIO_WritePin
                0x08001db4        0xc Drivers\STM32F3xx_HAL_Driver\Src\stm32f3xx_hal_gpio.o
                0x08001db4                HAL_GPIO_WritePin
 .text.HAL_PCD_Init
                0x08001dc0       0xac Drivers\STM32F3xx_HAL_Driver\Src\stm32f3xx_hal_pcd.o
                0x08001dc0                HAL_PCD_Init
 .text.HAL_PCD_Start
                0x08001e6c        0xc Drivers\STM32F3xx_HAL_Driver\Src\stm32f3xx_hal_pcd.o
                0x08001e6c                HAL_PCD_Start
 .text.HAL_PCD_SetAddress
                0x08001e78       0x2c Drivers\STM32F3xx_HAL_Driver\Src\stm32f3xx_hal_pcd.o
                0x08001e78                HAL_PCD_SetAddress
 .text.HAL_PCD_EP_Open
                0x08001ea4      0x3c4 Drivers\STM32F3xx_HAL_Driver\Src\stm32f3xx_hal_pcd.o
                0x08001ea4                HAL_PCD_EP_Open
 .text.HAL_PCD_EP_Close
                0x08002268      0x238 Drivers\STM32F3xx_HAL_Driver\Src\stm32f3xx_hal_pcd.o
                0x08002268                HAL_PCD_EP_Close
 .text.HAL_PCD_EP_Receive
                0x080024a0      0x190 Drivers\STM32F3xx_HAL_Driver\Src\stm32f3xx_hal_pcd.o
                0x080024a0                HAL_PCD_EP_Receive
 .text.HAL_PCD_EP_GetRxCount
                0x08002630       0x14 Drivers\STM32F3xx_HAL_Driver\Src\stm32f3xx_hal_pcd.o
                0x08002630                HAL_PCD_EP_GetRxCount
 .text.HAL_PCD_EP_Transmit
                0x08002644      0x164 Drivers\STM32F3xx_HAL_Driver\Src\stm32f3xx_hal_pcd.o
                0x08002644                HAL_PCD_EP_Transmit
 .text.PCD_EP_ISR_Handler
                0x080027a8      0x4a8 Drivers\STM32F3xx_HAL_Driver\Src\stm32f3xx_hal_pcd.o
 .text.HAL_PCD_IRQHandler
                0x08002c50      0x154 Drivers\STM32F3xx_HAL_Driver\Src\stm32f3xx_hal_pcd.o
                0x08002c50                HAL_PCD_IRQHandler
 .text.HAL_PCD_EP_SetStall
                0x08002da4       0xc4 Drivers\STM32F3xx_HAL_Driver\Src\stm32f3xx_hal_pcd.o
                0x08002da4                HAL_PCD_EP_SetStall
 .text.HAL_PCD_EP_ClrStall
                0x08002e68       0xf0 Drivers\STM32F3xx_HAL_Driver\Src\stm32f3xx_hal_pcd.o
                0x08002e68                HAL_PCD_EP_ClrStall
 .text.HAL_PCDEx_PMAConfig
                0x08002f58       0x40 Drivers\STM32F3xx_HAL_Driver\Src\stm32f3xx_hal_pcd_ex.o
                0x08002f58                HAL_PCDEx_PMAConfig
 .text.PCD_WritePMA
                0x08002f98       0x2c Drivers\STM32F3xx_HAL_Driver\Src\stm32f3xx_hal_pcd_ex.o
                0x08002f98                PCD_WritePMA
 .text.PCD_ReadPMA
                0x08002fc4       0x20 Drivers\STM32F3xx_HAL_Driver\Src\stm32f3xx_hal_pcd_ex.o
                0x08002fc4                PCD_ReadPMA
 .text.HAL_RCC_OscConfig
                0x08002fe4      0x61c Drivers\STM32F3xx_HAL_Driver\Src\stm32f3xx_hal_rcc.o
                0x08002fe4                HAL_RCC_OscConfig
 .text.HAL_RCC_GetSysClockFreq
                0x08003600       0x70 Drivers\STM32F3xx_HAL_Driver\Src\stm32f3xx_hal_rcc.o
                0x08003600                HAL_RCC_GetSysClockFreq
 .text.HAL_RCC_ClockConfig
                0x08003670      0x1e4 Drivers\STM32F3xx_HAL_Driver\Src\stm32f3xx_hal_rcc.o
                0x08003670                HAL_RCC_ClockConfig
 .text.HAL_RCC_GetHCLKFreq
                0x08003854        0xc Drivers\STM32F3xx_HAL_Driver\Src\stm32f3xx_hal_rcc.o
                0x08003854                HAL_RCC_GetHCLKFreq
 .text.HAL_RCCEx_PeriphCLKConfig
                0x08003860      0x25c Drivers\STM32F3xx_HAL_Driver\Src\stm32f3xx_hal_rcc_ex.o
                0x08003860                HAL_RCCEx_PeriphCLKConfig
 .text.TIM_Base_SetConfig
                0x08003abc       0xb0 Drivers\STM32F3xx_HAL_Driver\Src\stm32f3xx_hal_tim.o
                0x08003abc                TIM_Base_SetConfig
 .text.HAL_TIM_PWM_Init
                0x08003b6c       0x38 Drivers\STM32F3xx_HAL_Driver\Src\stm32f3xx_hal_tim.o
                0x08003b6c                HAL_TIM_PWM_Init
 .text.TIM_OC1_SetConfig
                0x08003ba4       0x9c Drivers\STM32F3xx_HAL_Driver\Src\stm32f3xx_hal_tim.o
                0x08003ba4                TIM_OC1_SetConfig
 .text.TIM_OC2_SetConfig
                0x08003c40       0x8c Drivers\STM32F3xx_HAL_Driver\Src\stm32f3xx_hal_tim.o
                0x08003c40                TIM_OC2_SetConfig
 .text.TIM_OC3_SetConfig
                0x08003ccc       0x8c Drivers\STM32F3xx_HAL_Driver\Src\stm32f3xx_hal_tim.o
                0x08003ccc                TIM_OC3_SetConfig
 .text.TIM_OC4_SetConfig
                0x08003d58       0x6c Drivers\STM32F3xx_HAL_Driver\Src\stm32f3xx_hal_tim.o
                0x08003d58                TIM_OC4_SetConfig
 .text.TIM_CCxChannelCmd
                0x08003dc4       0x20 Drivers\STM32F3xx_HAL_Driver\Src\stm32f3xx_hal_tim.o
                0x08003dc4                TIM_CCxChannelCmd
 .text.HAL_TIM_PWM_Start
                0x08003de4       0x68 Drivers\STM32F3xx_HAL_Driver\Src\stm32f3xx_hal_tim.o
                0x08003de4                HAL_TIM_PWM_Start
 .text.TIM_OC5_SetConfig
                0x08003e4c       0x68 Drivers\STM32F3xx_HAL_Driver\Src\stm32f3xx_hal_tim_ex.o
 .text.TIM_OC6_SetConfig
                0x08003eb4       0x6c Drivers\STM32F3xx_HAL_Driver\Src\stm32f3xx_hal_tim_ex.o
 .text.HAL_TIM_PWM_ConfigChannel
                0x08003f20      0x138 Drivers\STM32F3xx_HAL_Driver\Src\stm32f3xx_hal_tim_ex.o
                0x08003f20                HAL_TIM_PWM_ConfigChannel
 .text.HAL_TIMEx_MasterConfigSynchronization
                0x08004058       0x58 Drivers\STM32F3xx_HAL_Driver\Src\stm32f3xx_hal_tim_ex.o
                0x08004058                HAL_TIMEx_MasterConfigSynchronization
 .text.HAL_TIMEx_ConfigBreakDeadTime
                0x080040b0       0x8c Drivers\STM32F3xx_HAL_Driver\Src\stm32f3xx_hal_tim_ex.o
                0x080040b0                HAL_TIMEx_ConfigBreakDeadTime
 .text.USBD_CDC_DataIn
                0x0800413c       0x14 Middlewares\ST\STM32_USB_Device_Library\Class\CDC\Src\usbd_cdc.o
 .text.USBD_CDC_EP0_RxReady
                0x08004150       0x28 Middlewares\ST\STM32_USB_Device_Library\Class\CDC\Src\usbd_cdc.o
 .text.USBD_CDC_GetFSCfgDesc
                0x08004178        0xc Middlewares\ST\STM32_USB_Device_Library\Class\CDC\Src\usbd_cdc.o
 .text.USBD_CDC_GetHSCfgDesc
                0x08004184        0xc Middlewares\ST\STM32_USB_Device_Library\Class\CDC\Src\usbd_cdc.o
 .text.USBD_CDC_GetOtherSpeedCfgDesc
                0x08004190        0xc Middlewares\ST\STM32_USB_Device_Library\Class\CDC\Src\usbd_cdc.o
 .text.USBD_CDC_GetDeviceQualifierDescriptor
                0x0800419c        0xc Middlewares\ST\STM32_USB_Device_Library\Class\CDC\Src\usbd_cdc.o
                0x0800419c                USBD_CDC_GetDeviceQualifierDescriptor
 .text.USBD_CDC_DataOut
                0x080041a8       0x30 Middlewares\ST\STM32_USB_Device_Library\Class\CDC\Src\usbd_cdc.o
 .text.USBD_CDC_Setup
                0x080041d8       0x74 Middlewares\ST\STM32_USB_Device_Library\Class\CDC\Src\usbd_cdc.o
 .text.USBD_CDC_DeInit
                0x0800424c       0x3c Middlewares\ST\STM32_USB_Device_Library\Class\CDC\Src\usbd_cdc.o
 .text.USBD_CDC_Init
                0x08004288       0x98 Middlewares\ST\STM32_USB_Device_Library\Class\CDC\Src\usbd_cdc.o
 .text.USBD_CDC_RegisterInterface
                0x08004320       0x10 Middlewares\ST\STM32_USB_Device_Library\Class\CDC\Src\usbd_cdc.o
                0x08004320                USBD_CDC_RegisterInterface
 .text.USBD_CDC_SetTxBuffer
                0x08004330       0x10 Middlewares\ST\STM32_USB_Device_Library\Class\CDC\Src\usbd_cdc.o
                0x08004330                USBD_CDC_SetTxBuffer
 .text.USBD_CDC_SetRxBuffer
                0x08004340        0xc Middlewares\ST\STM32_USB_Device_Library\Class\CDC\Src\usbd_cdc.o
                0x08004340                USBD_CDC_SetRxBuffer
 .text.USBD_CDC_TransmitPacket
                0x0800434c       0x30 Middlewares\ST\STM32_USB_Device_Library\Class\CDC\Src\usbd_cdc.o
                0x0800434c                USBD_CDC_TransmitPacket
 .text.USBD_CDC_ReceivePacket
                0x0800437c       0x34 Middlewares\ST\STM32_USB_Device_Library\Class\CDC\Src\usbd_cdc.o
                0x0800437c                USBD_CDC_ReceivePacket
 .text.USBD_Init
                0x080043b0       0x30 Middlewares\ST\STM32_USB_Device_Library\Core\Src\usbd_core.o
                0x080043b0                USBD_Init
 .text.USBD_RegisterClass
                0x080043e0       0x10 Middlewares\ST\STM32_USB_Device_Library\Core\Src\usbd_core.o
                0x080043e0                USBD_RegisterClass
 .text.USBD_Start
                0x080043f0        0xc Middlewares\ST\STM32_USB_Device_Library\Core\Src\usbd_core.o
                0x080043f0                USBD_Start
 .text.USBD_SetClassConfig
                0x080043fc       0x1c Middlewares\ST\STM32_USB_Device_Library\Core\Src\usbd_core.o
                0x080043fc                USBD_SetClassConfig
 .text.USBD_ClrClassConfig
                0x08004418       0x10 Middlewares\ST\STM32_USB_Device_Library\Core\Src\usbd_core.o
                0x08004418                USBD_ClrClassConfig
 .text.USBD_LL_SetupStage
                0x08004428       0x5c Middlewares\ST\STM32_USB_Device_Library\Core\Src\usbd_core.o
                0x08004428                USBD_LL_SetupStage
 .text.USBD_LL_DataOutStage
                0x08004484       0x68 Middlewares\ST\STM32_USB_Device_Library\Core\Src\usbd_core.o
                0x08004484                USBD_LL_DataOutStage
 .text.USBD_LL_DataInStage
                0x080044ec       0xac Middlewares\ST\STM32_USB_Device_Library\Core\Src\usbd_core.o
                0x080044ec                USBD_LL_DataInStage
 .text.USBD_LL_Reset
                0x08004598       0x40 Middlewares\ST\STM32_USB_Device_Library\Core\Src\usbd_core.o
                0x08004598                USBD_LL_Reset
 .text.USBD_LL_SetSpeed
                0x080045d8        0x8 Middlewares\ST\STM32_USB_Device_Library\Core\Src\usbd_core.o
                0x080045d8                USBD_LL_SetSpeed
 .text.USBD_LL_Suspend
                0x080045e0       0x14 Middlewares\ST\STM32_USB_Device_Library\Core\Src\usbd_core.o
                0x080045e0                USBD_LL_Suspend
 .text.USBD_LL_Resume
                0x080045f4        0xc Middlewares\ST\STM32_USB_Device_Library\Core\Src\usbd_core.o
                0x080045f4                USBD_LL_Resume
 .text.USBD_LL_SOF
                0x08004600       0x18 Middlewares\ST\STM32_USB_Device_Library\Core\Src\usbd_core.o
                0x08004600                USBD_LL_SOF
 .text.USBD_GetLen
                0x08004618       0x14 Middlewares\ST\STM32_USB_Device_Library\Core\Src\usbd_ctlreq.o
 .text.USBD_SetFeature
                0x0800462c       0x20 Middlewares\ST\STM32_USB_Device_Library\Core\Src\usbd_ctlreq.o
 .text.USBD_ParseSetupRequest
                0x0800464c       0x28 Middlewares\ST\STM32_USB_Device_Library\Core\Src\usbd_ctlreq.o
                0x0800464c                USBD_ParseSetupRequest
 .text.USBD_CtlError
                0x08004674       0x14 Middlewares\ST\STM32_USB_Device_Library\Core\Src\usbd_ctlreq.o
                0x08004674                USBD_CtlError
 .text.USBD_GetDescriptor
                0x08004688      0x130 Middlewares\ST\STM32_USB_Device_Library\Core\Src\usbd_ctlreq.o
 .text.USBD_SetAddress
                0x080047b8       0x4c Middlewares\ST\STM32_USB_Device_Library\Core\Src\usbd_ctlreq.o
 .text.USBD_SetConfig
                0x08004804       0xa8 Middlewares\ST\STM32_USB_Device_Library\Core\Src\usbd_ctlreq.o
 .text.USBD_GetConfig
                0x080048ac       0x3c Middlewares\ST\STM32_USB_Device_Library\Core\Src\usbd_ctlreq.o
 .text.USBD_GetStatus
                0x080048e8       0x2c Middlewares\ST\STM32_USB_Device_Library\Core\Src\usbd_ctlreq.o
 .text.USBD_ClrFeature
                0x08004914       0x30 Middlewares\ST\STM32_USB_Device_Library\Core\Src\usbd_ctlreq.o
 .text.USBD_StdDevReq
                0x08004944       0x48 Middlewares\ST\STM32_USB_Device_Library\Core\Src\usbd_ctlreq.o
                0x08004944                USBD_StdDevReq
 .text.USBD_StdItfReq
                0x0800498c       0x38 Middlewares\ST\STM32_USB_Device_Library\Core\Src\usbd_ctlreq.o
                0x0800498c                USBD_StdItfReq
 .text.USBD_StdEPReq
                0x080049c4      0x11c Middlewares\ST\STM32_USB_Device_Library\Core\Src\usbd_ctlreq.o
                0x080049c4                USBD_StdEPReq
 .text.USBD_GetString
                0x08004ae0       0x3c Middlewares\ST\STM32_USB_Device_Library\Core\Src\usbd_ctlreq.o
                0x08004ae0                USBD_GetString
 .text.USBD_CtlSendData
                0x08004b1c       0x1c Middlewares\ST\STM32_USB_Device_Library\Core\Src\usbd_ioreq.o
                0x08004b1c                USBD_CtlSendData
 .text.USBD_CtlContinueSendData
                0x08004b38       0x10 Middlewares\ST\STM32_USB_Device_Library\Core\Src\usbd_ioreq.o
                0x08004b38                USBD_CtlContinueSendData
 .text.USBD_CtlPrepareRx
                0x08004b48       0x20 Middlewares\ST\STM32_USB_Device_Library\Core\Src\usbd_ioreq.o
                0x08004b48                USBD_CtlPrepareRx
 .text.USBD_CtlContinueRx
                0x08004b68       0x10 Middlewares\ST\STM32_USB_Device_Library\Core\Src\usbd_ioreq.o
                0x08004b68                USBD_CtlContinueRx
 .text.USBD_CtlSendStatus
                0x08004b78       0x18 Middlewares\ST\STM32_USB_Device_Library\Core\Src\usbd_ioreq.o
                0x08004b78                USBD_CtlSendStatus
 .text.USBD_CtlReceiveStatus
                0x08004b90       0x18 Middlewares\ST\STM32_USB_Device_Library\Core\Src\usbd_ioreq.o
                0x08004b90                USBD_CtlReceiveStatus
 .text.GPIO_SetBits
                0x08004ba8        0xc Src\HD44780_F3.o
                0x08004ba8                GPIO_SetBits
 .text.GPIO_ResetBits
                0x08004bb4        0xc Src\HD44780_F3.o
                0x08004bb4                GPIO_ResetBits
 .text.hd44780_Delay
                0x08004bc0        0xc Src\HD44780_F3.o
                0x08004bc0                hd44780_Delay
 .text.hd44780_wr_hi_nibble
                0x08004bcc       0x88 Src\HD44780_F3.o
                0x08004bcc                hd44780_wr_hi_nibble
 .text.hd44780_wr_lo_nibble
                0x08004c54       0x88 Src\HD44780_F3.o
                0x08004c54                hd44780_wr_lo_nibble
 .text.hd44780_write
                0x08004cdc       0x10 Src\HD44780_F3.o
                0x08004cdc                hd44780_write
 .text.hd44780_wr_cmd
                0x08004cec       0x1c Src\HD44780_F3.o
                0x08004cec                hd44780_wr_cmd
 .text.hd44780_wr_data
                0x08004d08       0x1c Src\HD44780_F3.o
                0x08004d08                hd44780_wr_data
 .text.HD44780_Init
                0x08004d24       0xb8 Src\HD44780_F3.o
                0x08004d24                HD44780_Init
 .text.HD44780_PutChar
                0x08004ddc        0x8 Src\HD44780_F3.o
                0x08004ddc                HD44780_PutChar
 .text.HD44780_GotoXY
                0x08004de4       0x38 Src\HD44780_F3.o
                0x08004de4                HD44780_GotoXY
 .text.HD44780_PutStr
                0x08004e1c       0x24 Src\HD44780_F3.o
                0x08004e1c                HD44780_PutStr
 .text.HD44780_ClrScr
                0x08004e40        0xc Src\HD44780_F3.o
                0x08004e40                HD44780_ClrScr
 .text.MX_GPIO_Init
                0x08004e4c       0x44 Src\main.o
 .text.RGBColorMixer
                0x08004e90       0x20 Src\main.o
                0x08004e90                RGBColorMixer
 .text.Error_Handler
                0x08004eb0        0x4 Src\main.o
                0x08004eb0                Error_Handler
 .text.MX_ADC1_Init
                0x08004eb4       0x5c Src\main.o
 .text.MX_TIM2_Init
                0x08004f10       0x64 Src\main.o
 .text.MX_TIM8_Init
                0x08004f74       0x9c Src\main.o
 .text.MX_TIM15_Init
                0x08005010       0x94 Src\main.o
 .text.SystemClock_Config
                0x080050a4       0x98 Src\main.o
                0x080050a4                SystemClock_Config
 .text.main     0x0800513c      0x124 Src\main.o
                0x0800513c                main
 .text.HAL_MspInit
                0x08005260       0x7c Src\stm32f3xx_hal_msp.o
                0x08005260                HAL_MspInit
 .text.HAL_ADC_MspInit
                0x080052dc       0x44 Src\stm32f3xx_hal_msp.o
                0x080052dc                HAL_ADC_MspInit
 .text.HAL_TIM_PWM_MspInit
                0x08005320       0x68 Src\stm32f3xx_hal_msp.o
                0x08005320                HAL_TIM_PWM_MspInit
 .text.HAL_TIM_MspPostInit
                0x08005388       0x88 Src\stm32f3xx_hal_msp.o
                0x08005388                HAL_TIM_MspPostInit
 .text.NMI_Handler
                0x08005410        0x4 Src\stm32f3xx_it.o
                0x08005410                NMI_Handler
 .text.HardFault_Handler
                0x08005414        0x4 Src\stm32f3xx_it.o
                0x08005414                HardFault_Handler
 .text.MemManage_Handler
                0x08005418        0x4 Src\stm32f3xx_it.o
                0x08005418                MemManage_Handler
 .text.BusFault_Handler
                0x0800541c        0x4 Src\stm32f3xx_it.o
                0x0800541c                BusFault_Handler
 .text.UsageFault_Handler
                0x08005420        0x4 Src\stm32f3xx_it.o
                0x08005420                UsageFault_Handler
 .text.SVC_Handler
                0x08005424        0x4 Src\stm32f3xx_it.o
                0x08005424                SVC_Handler
 .text.DebugMon_Handler
                0x08005428        0x4 Src\stm32f3xx_it.o
                0x08005428                DebugMon_Handler
 .text.PendSV_Handler
                0x0800542c        0x4 Src\stm32f3xx_it.o
                0x0800542c                PendSV_Handler
 .text.SysTick_Handler
                0x08005430        0xc Src\stm32f3xx_it.o
                0x08005430                SysTick_Handler
 .text.USB_LP_CAN_RX0_IRQHandler
                0x0800543c       0x10 Src\stm32f3xx_it.o
                0x0800543c                USB_LP_CAN_RX0_IRQHandler
 .text.MX_USB_DEVICE_Init
                0x0800544c       0x38 Src\usb_device.o
                0x0800544c                MX_USB_DEVICE_Init
 .text.CDC_DeInit_FS
                0x08005484        0x4 Src\usbd_cdc_if.o
 .text.CDC_Control_FS
                0x08005488        0x4 Src\usbd_cdc_if.o
 .text.CDC_Receive_FS
                0x0800548c       0x34 Src\usbd_cdc_if.o
 .text.CDC_Init_FS
                0x080054c0       0x28 Src\usbd_cdc_if.o
 .text.CDC_Transmit_FS
                0x080054e8       0x2c Src\usbd_cdc_if.o
                0x080054e8                CDC_Transmit_FS
 .text.HAL_PCD_MspInit
                0x08005514       0x60 Src\usbd_conf.o
                0x08005514                HAL_PCD_MspInit
 .text.HAL_PCD_SetupStageCallback
                0x08005574       0x10 Src\usbd_conf.o
                0x08005574                HAL_PCD_SetupStageCallback
 .text.HAL_PCD_DataOutStageCallback
                0x08005584       0x18 Src\usbd_conf.o
                0x08005584                HAL_PCD_DataOutStageCallback
 .text.HAL_PCD_DataInStageCallback
                0x0800559c       0x18 Src\usbd_conf.o
                0x0800559c                HAL_PCD_DataInStageCallback
 .text.HAL_PCD_SOFCallback
                0x080055b4        0xc Src\usbd_conf.o
                0x080055b4                HAL_PCD_SOFCallback
 .text.HAL_PCD_ResetCallback
                0x080055c0       0x18 Src\usbd_conf.o
                0x080055c0                HAL_PCD_ResetCallback
 .text.HAL_PCD_SuspendCallback
                0x080055d8       0x20 Src\usbd_conf.o
                0x080055d8                HAL_PCD_SuspendCallback
 .text.HAL_PCD_ResumeCallback
                0x080055f8        0xc Src\usbd_conf.o
                0x080055f8                HAL_PCD_ResumeCallback
 .text.USBD_LL_Init
                0x08005604       0x84 Src\usbd_conf.o
                0x08005604                USBD_LL_Init
 .text.USBD_LL_Start
                0x08005688       0x10 Src\usbd_conf.o
                0x08005688                USBD_LL_Start
 .text.USBD_LL_OpenEP
                0x08005698       0x14 Src\usbd_conf.o
                0x08005698                USBD_LL_OpenEP
 .text.USBD_LL_CloseEP
                0x080056ac       0x10 Src\usbd_conf.o
                0x080056ac                USBD_LL_CloseEP
 .text.USBD_LL_StallEP
                0x080056bc       0x10 Src\usbd_conf.o
                0x080056bc                USBD_LL_StallEP
 .text.USBD_LL_ClearStallEP
                0x080056cc       0x10 Src\usbd_conf.o
                0x080056cc                USBD_LL_ClearStallEP
 .text.USBD_LL_IsStallEP
                0x080056dc       0x30 Src\usbd_conf.o
                0x080056dc                USBD_LL_IsStallEP
 .text.USBD_LL_SetUSBAddress
                0x0800570c       0x10 Src\usbd_conf.o
                0x0800570c                USBD_LL_SetUSBAddress
 .text.USBD_LL_Transmit
                0x0800571c       0x10 Src\usbd_conf.o
                0x0800571c                USBD_LL_Transmit
 .text.USBD_LL_PrepareReceive
                0x0800572c       0x10 Src\usbd_conf.o
                0x0800572c                USBD_LL_PrepareReceive
 .text.USBD_LL_GetRxDataSize
                0x0800573c        0xc Src\usbd_conf.o
                0x0800573c                USBD_LL_GetRxDataSize
 .text.USBD_static_malloc
                0x08005748        0x8 Src\usbd_conf.o
                0x08005748                USBD_static_malloc
 .text.USBD_static_free
                0x08005750        0x4 Src\usbd_conf.o
                0x08005750                USBD_static_free
 .text.HAL_PCDEx_SetConnectionState
                0x08005754        0x4 Src\usbd_conf.o
                0x08005754                HAL_PCDEx_SetConnectionState
 .text.USBD_FS_DeviceDescriptor
                0x08005758        0xc Src\usbd_desc.o
                0x08005758                USBD_FS_DeviceDescriptor
 .text.USBD_FS_LangIDStrDescriptor
                0x08005764        0xc Src\usbd_desc.o
                0x08005764                USBD_FS_LangIDStrDescriptor
 .text.USBD_FS_ProductStrDescriptor
                0x08005770       0x24 Src\usbd_desc.o
                0x08005770                USBD_FS_ProductStrDescriptor
 .text.USBD_FS_ManufacturerStrDescriptor
                0x08005794       0x1c Src\usbd_desc.o
                0x08005794                USBD_FS_ManufacturerStrDescriptor
 .text.USBD_FS_SerialStrDescriptor
                0x080057b0       0x24 Src\usbd_desc.o
                0x080057b0                USBD_FS_SerialStrDescriptor
 .text.USBD_FS_ConfigStrDescriptor
                0x080057d4       0x24 Src\usbd_desc.o
                0x080057d4                USBD_FS_ConfigStrDescriptor
 .text.USBD_FS_InterfaceStrDescriptor
                0x080057f8       0x24 Src\usbd_desc.o
                0x080057f8                USBD_FS_InterfaceStrDescriptor
 .text._write   0x0800581c       0x10 Src\vcp_prog8125.o
                0x0800581c                _write
 .text._write_r
                0x0800582c       0x10 Src\vcp_prog8125.o
                0x0800582c                _write_r
 .text.initializeVcpQueue
                0x0800583c       0x18 Src\vcp_prog8125.o
                0x0800583c                initializeVcpQueue
 .text.isVcpEmpty
                0x08005854        0xc Src\vcp_prog8125.o
                0x08005854                isVcpEmpty
 .text.putVcpItem
                0x08005860       0x30 Src\vcp_prog8125.o
                0x08005860                putVcpItem
 .text.putVcpChar
                0x08005890       0x10 Src\vcp_prog8125.o
                0x08005890                putVcpChar
 .text.getVcpItem
                0x080058a0       0x40 Src\vcp_prog8125.o
                0x080058a0                getVcpItem
 .text._read    0x080058e0       0x48 Src\vcp_prog8125.o
                0x080058e0                _read
 .text._read_r  0x08005928       0x10 Src\vcp_prog8125.o
                0x08005928                _read_r
 .text.__libc_init_array
                0x08005938       0x4c c:/program files (x86)/atollic/truestudio for arm 6.0.0/armtools/bin/../lib/gcc/arm-atollic-eabi/5.3.1/../../../../arm-atollic-eabi/lib/armv7e-m/fpu\libc.a(lib_a-init.o)
                0x08005938                __libc_init_array
 .text.printf   0x08005984       0x30 c:/program files (x86)/atollic/truestudio for arm 6.0.0/armtools/bin/../lib/gcc/arm-atollic-eabi/5.3.1/../../../../arm-atollic-eabi/lib/armv7e-m/fpu\libc.a(lib_a-printf.o)
                0x08005984                printf
 .text.scanf    0x080059b4       0x30 c:/program files (x86)/atollic/truestudio for arm 6.0.0/armtools/bin/../lib/gcc/arm-atollic-eabi/5.3.1/../../../../arm-atollic-eabi/lib/armv7e-m/fpu\libc.a(lib_a-scanf.o)
                0x080059b4                scanf
 *fill*         0x080059e4        0x4 
 .text._vfprintf_r
                0x080059e8      0xff4 c:/program files (x86)/atollic/truestudio for arm 6.0.0/armtools/bin/../lib/gcc/arm-atollic-eabi/5.3.1/../../../../arm-atollic-eabi/lib/armv7e-m/fpu\libc.a(lib_a-vfprintf.o)
                0x080059e8                _vfprintf_r
 .text.__sbprintf
                0x080069dc       0x6c c:/program files (x86)/atollic/truestudio for arm 6.0.0/armtools/bin/../lib/gcc/arm-atollic-eabi/5.3.1/../../../../arm-atollic-eabi/lib/armv7e-m/fpu\libc.a(lib_a-vfprintf.o)
 .text.__svfscanf_r
                0x08006a48      0xad8 c:/program files (x86)/atollic/truestudio for arm 6.0.0/armtools/bin/../lib/gcc/arm-atollic-eabi/5.3.1/../../../../arm-atollic-eabi/lib/armv7e-m/fpu\libc.a(lib_a-vfscanf.o)
                0x08006a48                __svfscanf_r
 .text._vfscanf_r
                0x08007520       0x50 c:/program files (x86)/atollic/truestudio for arm 6.0.0/armtools/bin/../lib/gcc/arm-atollic-eabi/5.3.1/../../../../arm-atollic-eabi/lib/armv7e-m/fpu\libc.a(lib_a-vfscanf.o)
                0x08007520                _vfscanf_r
 .text.__swsetup_r
                0x08007570       0xdc c:/program files (x86)/atollic/truestudio for arm 6.0.0/armtools/bin/../lib/gcc/arm-atollic-eabi/5.3.1/../../../../arm-atollic-eabi/lib/armv7e-m/fpu\libc.a(lib_a-wsetup.o)
                0x08007570                __swsetup_r
 .text.quorem   0x0800764c      0x11e c:/program files (x86)/atollic/truestudio for arm 6.0.0/armtools/bin/../lib/gcc/arm-atollic-eabi/5.3.1/../../../../arm-atollic-eabi/lib/armv7e-m/fpu\libc.a(lib_a-dtoa.o)
 *fill*         0x0800776a        0x6 
 .text._dtoa_r  0x08007770      0xb40 c:/program files (x86)/atollic/truestudio for arm 6.0.0/armtools/bin/../lib/gcc/arm-atollic-eabi/5.3.1/../../../../arm-atollic-eabi/lib/armv7e-m/fpu\libc.a(lib_a-dtoa.o)
                0x08007770                _dtoa_r
 .text.__sflush_r
                0x080082b0      0x120 c:/program files (x86)/atollic/truestudio for arm 6.0.0/armtools/bin/../lib/gcc/arm-atollic-eabi/5.3.1/../../../../arm-atollic-eabi/lib/armv7e-m/fpu\libc.a(lib_a-fflush.o)
                0x080082b0                __sflush_r
 .text._fflush_r
                0x080083d0       0x54 c:/program files (x86)/atollic/truestudio for arm 6.0.0/armtools/bin/../lib/gcc/arm-atollic-eabi/5.3.1/../../../../arm-atollic-eabi/lib/armv7e-m/fpu\libc.a(lib_a-fflush.o)
                0x080083d0                _fflush_r
 .text.fflush   0x08008424       0x24 c:/program files (x86)/atollic/truestudio for arm 6.0.0/armtools/bin/../lib/gcc/arm-atollic-eabi/5.3.1/../../../../arm-atollic-eabi/lib/armv7e-m/fpu\libc.a(lib_a-fflush.o)
                0x08008424                fflush
 .text._cleanup_r
                0x08008448        0xc c:/program files (x86)/atollic/truestudio for arm 6.0.0/armtools/bin/../lib/gcc/arm-atollic-eabi/5.3.1/../../../../arm-atollic-eabi/lib/armv7e-m/fpu\libc.a(lib_a-findfp.o)
                0x08008448                _cleanup_r
 .text.std.isra.0
                0x08008454       0x48 c:/program files (x86)/atollic/truestudio for arm 6.0.0/armtools/bin/../lib/gcc/arm-atollic-eabi/5.3.1/../../../../arm-atollic-eabi/lib/armv7e-m/fpu\libc.a(lib_a-findfp.o)
 .text.__sfmoreglue
                0x0800849c       0x2c c:/program files (x86)/atollic/truestudio for arm 6.0.0/armtools/bin/../lib/gcc/arm-atollic-eabi/5.3.1/../../../../arm-atollic-eabi/lib/armv7e-m/fpu\libc.a(lib_a-findfp.o)
                0x0800849c                __sfmoreglue
 .text.__sinit  0x080084c8       0x68 c:/program files (x86)/atollic/truestudio for arm 6.0.0/armtools/bin/../lib/gcc/arm-atollic-eabi/5.3.1/../../../../arm-atollic-eabi/lib/armv7e-m/fpu\libc.a(lib_a-findfp.o)
                0x080084c8                __sinit
 .text.__sfp    0x08008530       0x78 c:/program files (x86)/atollic/truestudio for arm 6.0.0/armtools/bin/../lib/gcc/arm-atollic-eabi/5.3.1/../../../../arm-atollic-eabi/lib/armv7e-m/fpu\libc.a(lib_a-findfp.o)
                0x08008530                __sfp
 .text.__sfp_lock_acquire
                0x080085a8        0x2 c:/program files (x86)/atollic/truestudio for arm 6.0.0/armtools/bin/../lib/gcc/arm-atollic-eabi/5.3.1/../../../../arm-atollic-eabi/lib/armv7e-m/fpu\libc.a(lib_a-findfp.o)
                0x080085a8                __sfp_lock_acquire
 .text.__sfp_lock_release
                0x080085aa        0x2 c:/program files (x86)/atollic/truestudio for arm 6.0.0/armtools/bin/../lib/gcc/arm-atollic-eabi/5.3.1/../../../../arm-atollic-eabi/lib/armv7e-m/fpu\libc.a(lib_a-findfp.o)
                0x080085aa                __sfp_lock_release
 .text._fread_r
                0x080085ac       0xc0 c:/program files (x86)/atollic/truestudio for arm 6.0.0/armtools/bin/../lib/gcc/arm-atollic-eabi/5.3.1/../../../../arm-atollic-eabi/lib/armv7e-m/fpu\libc.a(lib_a-fread.o)
                0x080085ac                _fread_r
 .text._malloc_trim_r
                0x0800866c       0xac c:/program files (x86)/atollic/truestudio for arm 6.0.0/armtools/bin/../lib/gcc/arm-atollic-eabi/5.3.1/../../../../arm-atollic-eabi/lib/armv7e-m/fpu\libc.a(lib_a-freer.o)
                0x0800866c                _malloc_trim_r
 .text._free_r  0x08008718      0x17c c:/program files (x86)/atollic/truestudio for arm 6.0.0/armtools/bin/../lib/gcc/arm-atollic-eabi/5.3.1/../../../../arm-atollic-eabi/lib/armv7e-m/fpu\libc.a(lib_a-freer.o)
                0x08008718                _free_r
 .text._fwalk   0x08008894       0x38 c:/program files (x86)/atollic/truestudio for arm 6.0.0/armtools/bin/../lib/gcc/arm-atollic-eabi/5.3.1/../../../../arm-atollic-eabi/lib/armv7e-m/fpu\libc.a(lib_a-fwalk.o)
                0x08008894                _fwalk
 .text._fwalk_reent
                0x080088cc       0x3c c:/program files (x86)/atollic/truestudio for arm 6.0.0/armtools/bin/../lib/gcc/arm-atollic-eabi/5.3.1/../../../../arm-atollic-eabi/lib/armv7e-m/fpu\libc.a(lib_a-fwalk.o)
                0x080088cc                _fwalk_reent
 .text.iswspace
                0x08008908       0x1c c:/program files (x86)/atollic/truestudio for arm 6.0.0/armtools/bin/../lib/gcc/arm-atollic-eabi/5.3.1/../../../../arm-atollic-eabi/lib/armv7e-m/fpu\libc.a(lib_a-iswspace.o)
                0x08008908                iswspace
 .text.__locale_charset
                0x08008924        0x8 c:/program files (x86)/atollic/truestudio for arm 6.0.0/armtools/bin/../lib/gcc/arm-atollic-eabi/5.3.1/../../../../arm-atollic-eabi/lib/armv7e-m/fpu\libc.a(lib_a-locale.o)
                0x08008924                __locale_charset
 .text.__locale_mb_cur_max
                0x0800892c        0xc c:/program files (x86)/atollic/truestudio for arm 6.0.0/armtools/bin/../lib/gcc/arm-atollic-eabi/5.3.1/../../../../arm-atollic-eabi/lib/armv7e-m/fpu\libc.a(lib_a-locale.o)
                0x0800892c                __locale_mb_cur_max
 .text._localeconv_r
                0x08008938        0x8 c:/program files (x86)/atollic/truestudio for arm 6.0.0/armtools/bin/../lib/gcc/arm-atollic-eabi/5.3.1/../../../../arm-atollic-eabi/lib/armv7e-m/fpu\libc.a(lib_a-locale.o)
                0x08008938                _localeconv_r
 .text.__swhatbuf_r
                0x08008940       0x58 c:/program files (x86)/atollic/truestudio for arm 6.0.0/armtools/bin/../lib/gcc/arm-atollic-eabi/5.3.1/../../../../arm-atollic-eabi/lib/armv7e-m/fpu\libc.a(lib_a-makebuf.o)
                0x08008940                __swhatbuf_r
 .text.__smakebuf_r
                0x08008998       0x78 c:/program files (x86)/atollic/truestudio for arm 6.0.0/armtools/bin/../lib/gcc/arm-atollic-eabi/5.3.1/../../../../arm-atollic-eabi/lib/armv7e-m/fpu\libc.a(lib_a-makebuf.o)
                0x08008998                __smakebuf_r
 .text.malloc   0x08008a10       0x10 c:/program files (x86)/atollic/truestudio for arm 6.0.0/armtools/bin/../lib/gcc/arm-atollic-eabi/5.3.1/../../../../arm-atollic-eabi/lib/armv7e-m/fpu\libc.a(lib_a-malloc.o)
                0x08008a10                malloc
 .text._malloc_r
                0x08008a20      0x440 c:/program files (x86)/atollic/truestudio for arm 6.0.0/armtools/bin/../lib/gcc/arm-atollic-eabi/5.3.1/../../../../arm-atollic-eabi/lib/armv7e-m/fpu\libc.a(lib_a-mallocr.o)
                0x08008a20                _malloc_r
 .text._mbrtowc_r
                0x08008e60       0x50 c:/program files (x86)/atollic/truestudio for arm 6.0.0/armtools/bin/../lib/gcc/arm-atollic-eabi/5.3.1/../../../../arm-atollic-eabi/lib/armv7e-m/fpu\libc.a(lib_a-mbrtowc.o)
                0x08008e60                _mbrtowc_r
 .text.__ascii_mbtowc
                0x08008eb0       0x24 c:/program files (x86)/atollic/truestudio for arm 6.0.0/armtools/bin/../lib/gcc/arm-atollic-eabi/5.3.1/../../../../arm-atollic-eabi/lib/armv7e-m/fpu\libc.a(lib_a-mbtowc_r.o)
                0x08008eb0                __ascii_mbtowc
 .text.memcpy   0x08008ed4       0x16 c:/program files (x86)/atollic/truestudio for arm 6.0.0/armtools/bin/../lib/gcc/arm-atollic-eabi/5.3.1/../../../../arm-atollic-eabi/lib/armv7e-m/fpu\libc.a(lib_a-memcpy-stub.o)
                0x08008ed4                memcpy
 .text.memset   0x08008eea       0x10 c:/program files (x86)/atollic/truestudio for arm 6.0.0/armtools/bin/../lib/gcc/arm-atollic-eabi/5.3.1/../../../../arm-atollic-eabi/lib/armv7e-m/fpu\libc.a(lib_a-memset.o)
                0x08008eea                memset
 .text.__malloc_lock
                0x08008efa        0x2 c:/program files (x86)/atollic/truestudio for arm 6.0.0/armtools/bin/../lib/gcc/arm-atollic-eabi/5.3.1/../../../../arm-atollic-eabi/lib/armv7e-m/fpu\libc.a(lib_a-mlock.o)
                0x08008efa                __malloc_lock
 .text.__malloc_unlock
                0x08008efc        0x2 c:/program files (x86)/atollic/truestudio for arm 6.0.0/armtools/bin/../lib/gcc/arm-atollic-eabi/5.3.1/../../../../arm-atollic-eabi/lib/armv7e-m/fpu\libc.a(lib_a-mlock.o)
                0x08008efc                __malloc_unlock
 .text._Balloc  0x08008efe       0x6a c:/program files (x86)/atollic/truestudio for arm 6.0.0/armtools/bin/../lib/gcc/arm-atollic-eabi/5.3.1/../../../../arm-atollic-eabi/lib/armv7e-m/fpu\libc.a(lib_a-mprec.o)
                0x08008efe                _Balloc
 .text._Bfree   0x08008f68       0x2e c:/program files (x86)/atollic/truestudio for arm 6.0.0/armtools/bin/../lib/gcc/arm-atollic-eabi/5.3.1/../../../../arm-atollic-eabi/lib/armv7e-m/fpu\libc.a(lib_a-mprec.o)
                0x08008f68                _Bfree
 .text.__multadd
                0x08008f96       0x76 c:/program files (x86)/atollic/truestudio for arm 6.0.0/armtools/bin/../lib/gcc/arm-atollic-eabi/5.3.1/../../../../arm-atollic-eabi/lib/armv7e-m/fpu\libc.a(lib_a-mprec.o)
                0x08008f96                __multadd
 .text.__s2b    0x0800900c       0x7c c:/program files (x86)/atollic/truestudio for arm 6.0.0/armtools/bin/../lib/gcc/arm-atollic-eabi/5.3.1/../../../../arm-atollic-eabi/lib/armv7e-m/fpu\libc.a(lib_a-mprec.o)
                0x0800900c                __s2b
 .text.__hi0bits
                0x08009088       0x40 c:/program files (x86)/atollic/truestudio for arm 6.0.0/armtools/bin/../lib/gcc/arm-atollic-eabi/5.3.1/../../../../arm-atollic-eabi/lib/armv7e-m/fpu\libc.a(lib_a-mprec.o)
                0x08009088                __hi0bits
 .text.__lo0bits
                0x080090c8       0x5a c:/program files (x86)/atollic/truestudio for arm 6.0.0/armtools/bin/../lib/gcc/arm-atollic-eabi/5.3.1/../../../../arm-atollic-eabi/lib/armv7e-m/fpu\libc.a(lib_a-mprec.o)
                0x080090c8                __lo0bits
 .text.__i2b    0x08009122       0x12 c:/program files (x86)/atollic/truestudio for arm 6.0.0/armtools/bin/../lib/gcc/arm-atollic-eabi/5.3.1/../../../../arm-atollic-eabi/lib/armv7e-m/fpu\libc.a(lib_a-mprec.o)
                0x08009122                __i2b
 .text.__multiply
                0x08009134      0x122 c:/program files (x86)/atollic/truestudio for arm 6.0.0/armtools/bin/../lib/gcc/arm-atollic-eabi/5.3.1/../../../../arm-atollic-eabi/lib/armv7e-m/fpu\libc.a(lib_a-mprec.o)
                0x08009134                __multiply
 *fill*         0x08009256        0x2 
 .text.__pow5mult
                0x08009258       0x9c c:/program files (x86)/atollic/truestudio for arm 6.0.0/armtools/bin/../lib/gcc/arm-atollic-eabi/5.3.1/../../../../arm-atollic-eabi/lib/armv7e-m/fpu\libc.a(lib_a-mprec.o)
                0x08009258                __pow5mult
 .text.__lshift
                0x080092f4       0xa2 c:/program files (x86)/atollic/truestudio for arm 6.0.0/armtools/bin/../lib/gcc/arm-atollic-eabi/5.3.1/../../../../arm-atollic-eabi/lib/armv7e-m/fpu\libc.a(lib_a-mprec.o)
                0x080092f4                __lshift
 .text.__mcmp   0x08009396       0x38 c:/program files (x86)/atollic/truestudio for arm 6.0.0/armtools/bin/../lib/gcc/arm-atollic-eabi/5.3.1/../../../../arm-atollic-eabi/lib/armv7e-m/fpu\libc.a(lib_a-mprec.o)
                0x08009396                __mcmp
 .text.__mdiff  0x080093ce       0xbe c:/program files (x86)/atollic/truestudio for arm 6.0.0/armtools/bin/../lib/gcc/arm-atollic-eabi/5.3.1/../../../../arm-atollic-eabi/lib/armv7e-m/fpu\libc.a(lib_a-mprec.o)
                0x080093ce                __mdiff
 .text.__ulp    0x0800948c       0x50 c:/program files (x86)/atollic/truestudio for arm 6.0.0/armtools/bin/../lib/gcc/arm-atollic-eabi/5.3.1/../../../../arm-atollic-eabi/lib/armv7e-m/fpu\libc.a(lib_a-mprec.o)
                0x0800948c                __ulp
 .text.__b2d    0x080094dc       0x9a c:/program files (x86)/atollic/truestudio for arm 6.0.0/armtools/bin/../lib/gcc/arm-atollic-eabi/5.3.1/../../../../arm-atollic-eabi/lib/armv7e-m/fpu\libc.a(lib_a-mprec.o)
                0x080094dc                __b2d
 .text.__d2b    0x08009576       0x9c c:/program files (x86)/atollic/truestudio for arm 6.0.0/armtools/bin/../lib/gcc/arm-atollic-eabi/5.3.1/../../../../arm-atollic-eabi/lib/armv7e-m/fpu\libc.a(lib_a-mprec.o)
                0x08009576                __d2b
 .text.__ratio  0x08009612       0x54 c:/program files (x86)/atollic/truestudio for arm 6.0.0/armtools/bin/../lib/gcc/arm-atollic-eabi/5.3.1/../../../../arm-atollic-eabi/lib/armv7e-m/fpu\libc.a(lib_a-mprec.o)
                0x08009612                __ratio
 .text.__copybits
                0x08009666       0x34 c:/program files (x86)/atollic/truestudio for arm 6.0.0/armtools/bin/../lib/gcc/arm-atollic-eabi/5.3.1/../../../../arm-atollic-eabi/lib/armv7e-m/fpu\libc.a(lib_a-mprec.o)
                0x08009666                __copybits
 .text.__any_on
                0x0800969a       0x44 c:/program files (x86)/atollic/truestudio for arm 6.0.0/armtools/bin/../lib/gcc/arm-atollic-eabi/5.3.1/../../../../arm-atollic-eabi/lib/armv7e-m/fpu\libc.a(lib_a-mprec.o)
                0x0800969a                __any_on
 .text.lflush   0x080096de       0x12 c:/program files (x86)/atollic/truestudio for arm 6.0.0/armtools/bin/../lib/gcc/arm-atollic-eabi/5.3.1/../../../../arm-atollic-eabi/lib/armv7e-m/fpu\libc.a(lib_a-refill.o)
 .text.__srefill_r
                0x080096f0      0x128 c:/program files (x86)/atollic/truestudio for arm 6.0.0/armtools/bin/../lib/gcc/arm-atollic-eabi/5.3.1/../../../../arm-atollic-eabi/lib/armv7e-m/fpu\libc.a(lib_a-refill.o)
                0x080096f0                __srefill_r
 .text._sbrk_r  0x08009818       0x20 c:/program files (x86)/atollic/truestudio for arm 6.0.0/armtools/bin/../lib/gcc/arm-atollic-eabi/5.3.1/../../../../arm-atollic-eabi/lib/armv7e-m/fpu\libc.a(lib_a-sbrkr.o)
                0x08009818                _sbrk_r
 .text.__sccl   0x08009838       0x62 c:/program files (x86)/atollic/truestudio for arm 6.0.0/armtools/bin/../lib/gcc/arm-atollic-eabi/5.3.1/../../../../arm-atollic-eabi/lib/armv7e-m/fpu\libc.a(lib_a-sccl.o)
                0x08009838                __sccl
 *fill*         0x0800989a        0x2 
 .text.nanf     0x0800989c        0xc c:/program files (x86)/atollic/truestudio for arm 6.0.0/armtools/bin/../lib/gcc/arm-atollic-eabi/5.3.1/../../../../arm-atollic-eabi/lib/armv7e-m/fpu\libc.a(lib_a-sf_nan.o)
                0x0800989c                nanf
 .text.sprintf  0x080098a8       0x48 c:/program files (x86)/atollic/truestudio for arm 6.0.0/armtools/bin/../lib/gcc/arm-atollic-eabi/5.3.1/../../../../arm-atollic-eabi/lib/armv7e-m/fpu\libc.a(lib_a-sprintf.o)
                0x080098a8                sprintf
 .text.__sread  0x080098f0       0x22 c:/program files (x86)/atollic/truestudio for arm 6.0.0/armtools/bin/../lib/gcc/arm-atollic-eabi/5.3.1/../../../../arm-atollic-eabi/lib/armv7e-m/fpu\libc.a(lib_a-stdio.o)
                0x080098f0                __sread
 .text.__swrite
                0x08009912       0x38 c:/program files (x86)/atollic/truestudio for arm 6.0.0/armtools/bin/../lib/gcc/arm-atollic-eabi/5.3.1/../../../../arm-atollic-eabi/lib/armv7e-m/fpu\libc.a(lib_a-stdio.o)
                0x08009912                __swrite
 .text.__sseek  0x0800994a       0x24 c:/program files (x86)/atollic/truestudio for arm 6.0.0/armtools/bin/../lib/gcc/arm-atollic-eabi/5.3.1/../../../../arm-atollic-eabi/lib/armv7e-m/fpu\libc.a(lib_a-stdio.o)
                0x0800994a                __sseek
 .text.__sclose
                0x0800996e        0x8 c:/program files (x86)/atollic/truestudio for arm 6.0.0/armtools/bin/../lib/gcc/arm-atollic-eabi/5.3.1/../../../../arm-atollic-eabi/lib/armv7e-m/fpu\libc.a(lib_a-stdio.o)
                0x0800996e                __sclose
 .text.sulp     0x08009976       0x38 c:/program files (x86)/atollic/truestudio for arm 6.0.0/armtools/bin/../lib/gcc/arm-atollic-eabi/5.3.1/../../../../arm-atollic-eabi/lib/armv7e-m/fpu\libc.a(lib_a-strtod.o)
 *fill*         0x080099ae        0x2 
 .text._strtod_r
                0x080099b0      0xc00 c:/program files (x86)/atollic/truestudio for arm 6.0.0/armtools/bin/../lib/gcc/arm-atollic-eabi/5.3.1/../../../../arm-atollic-eabi/lib/armv7e-m/fpu\libc.a(lib_a-strtod.o)
                0x080099b0                _strtod_r
 .text._strtol_r
                0x0800a5b0      0x10c c:/program files (x86)/atollic/truestudio for arm 6.0.0/armtools/bin/../lib/gcc/arm-atollic-eabi/5.3.1/../../../../arm-atollic-eabi/lib/armv7e-m/fpu\libc.a(lib_a-strtol.o)
                0x0800a5b0                _strtol_r
 .text._strtoll_r
                0x0800a6bc      0x160 c:/program files (x86)/atollic/truestudio for arm 6.0.0/armtools/bin/../lib/gcc/arm-atollic-eabi/5.3.1/../../../../arm-atollic-eabi/lib/armv7e-m/fpu\libc.a(lib_a-strtoll_r.o)
                0x0800a6bc                _strtoll_r
 .text._strtoul_r
                0x0800a81c       0xfc c:/program files (x86)/atollic/truestudio for arm 6.0.0/armtools/bin/../lib/gcc/arm-atollic-eabi/5.3.1/../../../../arm-atollic-eabi/lib/armv7e-m/fpu\libc.a(lib_a-strtoul.o)
                0x0800a81c                _strtoul_r
 .text._strtoull_r
                0x0800a918      0x154 c:/program files (x86)/atollic/truestudio for arm 6.0.0/armtools/bin/../lib/gcc/arm-atollic-eabi/5.3.1/../../../../arm-atollic-eabi/lib/armv7e-m/fpu\libc.a(lib_a-strtoull_r.o)
                0x0800a918                _strtoull_r
 *fill*         0x0800aa6c        0x4 
 .text._svfprintf_r
                0x0800aa70      0xf84 c:/program files (x86)/atollic/truestudio for arm 6.0.0/armtools/bin/../lib/gcc/arm-atollic-eabi/5.3.1/../../../../arm-atollic-eabi/lib/armv7e-m/fpu\libc.a(lib_a-svfprintf.o)
                0x0800aa70                _svfprintf_r
 .text.__submore
                0x0800b9f4       0x76 c:/program files (x86)/atollic/truestudio for arm 6.0.0/armtools/bin/../lib/gcc/arm-atollic-eabi/5.3.1/../../../../arm-atollic-eabi/lib/armv7e-m/fpu\libc.a(lib_a-ungetc.o)
                0x0800b9f4                __submore
 *fill*         0x0800ba6a        0x2 
 .text._ungetc_r
                0x0800ba6c       0xf8 c:/program files (x86)/atollic/truestudio for arm 6.0.0/armtools/bin/../lib/gcc/arm-atollic-eabi/5.3.1/../../../../arm-atollic-eabi/lib/armv7e-m/fpu\libc.a(lib_a-ungetc.o)
                0x0800ba6c                _ungetc_r
 .text.__sprint_r
                0x0800bb64       0x64 c:/program files (x86)/atollic/truestudio for arm 6.0.0/armtools/bin/../lib/gcc/arm-atollic-eabi/5.3.1/../../../../arm-atollic-eabi/lib/armv7e-m/fpu\libc.a(lib_a-vfiprintf.o)
                0x0800bb64                __sprint_r
 .text._calloc_r
                0x0800bbc8       0x5a c:/program files (x86)/atollic/truestudio for arm 6.0.0/armtools/bin/../lib/gcc/arm-atollic-eabi/5.3.1/../../../../arm-atollic-eabi/lib/armv7e-m/fpu\libc.a(lib_a-callocr.o)
                0x0800bbc8                _calloc_r
 *fill*         0x0800bc22        0x2 
 .text._close_r
                0x0800bc24       0x20 c:/program files (x86)/atollic/truestudio for arm 6.0.0/armtools/bin/../lib/gcc/arm-atollic-eabi/5.3.1/../../../../arm-atollic-eabi/lib/armv7e-m/fpu\libc.a(lib_a-closer.o)
                0x0800bc24                _close_r
 .text._fclose_r
                0x0800bc44       0xa4 c:/program files (x86)/atollic/truestudio for arm 6.0.0/armtools/bin/../lib/gcc/arm-atollic-eabi/5.3.1/../../../../arm-atollic-eabi/lib/armv7e-m/fpu\libc.a(lib_a-fclose.o)
                0x0800bc44                _fclose_r
 .text.__fputwc
                0x0800bce8       0x7e c:/program files (x86)/atollic/truestudio for arm 6.0.0/armtools/bin/../lib/gcc/arm-atollic-eabi/5.3.1/../../../../arm-atollic-eabi/lib/armv7e-m/fpu\libc.a(lib_a-fputwc.o)
                0x0800bce8                __fputwc
 .text._fputwc_r
                0x0800bd66       0x20 c:/program files (x86)/atollic/truestudio for arm 6.0.0/armtools/bin/../lib/gcc/arm-atollic-eabi/5.3.1/../../../../arm-atollic-eabi/lib/armv7e-m/fpu\libc.a(lib_a-fputwc.o)
                0x0800bd66                _fputwc_r
 *fill*         0x0800bd86        0x2 
 .text._fstat_r
                0x0800bd88       0x24 c:/program files (x86)/atollic/truestudio for arm 6.0.0/armtools/bin/../lib/gcc/arm-atollic-eabi/5.3.1/../../../../arm-atollic-eabi/lib/armv7e-m/fpu\libc.a(lib_a-fstatr.o)
                0x0800bd88                _fstat_r
 .text.__sfvwrite_r
                0x0800bdac      0x294 c:/program files (x86)/atollic/truestudio for arm 6.0.0/armtools/bin/../lib/gcc/arm-atollic-eabi/5.3.1/../../../../arm-atollic-eabi/lib/armv7e-m/fpu\libc.a(lib_a-fvwrite.o)
                0x0800bdac                __sfvwrite_r
 .text.rshift   0x0800c040       0x6c c:/program files (x86)/atollic/truestudio for arm 6.0.0/armtools/bin/../lib/gcc/arm-atollic-eabi/5.3.1/../../../../arm-atollic-eabi/lib/armv7e-m/fpu\libc.a(lib_a-gdtoa-gethex.o)
 .text.__hexdig_fun
                0x0800c0ac       0x2a c:/program files (x86)/atollic/truestudio for arm 6.0.0/armtools/bin/../lib/gcc/arm-atollic-eabi/5.3.1/../../../../arm-atollic-eabi/lib/armv7e-m/fpu\libc.a(lib_a-gdtoa-gethex.o)
                0x0800c0ac                __hexdig_fun
 .text.__gethex
                0x0800c0d6      0x43e c:/program files (x86)/atollic/truestudio for arm 6.0.0/armtools/bin/../lib/gcc/arm-atollic-eabi/5.3.1/../../../../arm-atollic-eabi/lib/armv7e-m/fpu\libc.a(lib_a-gdtoa-gethex.o)
                0x0800c0d6                __gethex
 .text.L_shift  0x0800c514       0x24 c:/program files (x86)/atollic/truestudio for arm 6.0.0/armtools/bin/../lib/gcc/arm-atollic-eabi/5.3.1/../../../../arm-atollic-eabi/lib/armv7e-m/fpu\libc.a(lib_a-gdtoa-hexnan.o)
 .text.__match  0x0800c538       0x26 c:/program files (x86)/atollic/truestudio for arm 6.0.0/armtools/bin/../lib/gcc/arm-atollic-eabi/5.3.1/../../../../arm-atollic-eabi/lib/armv7e-m/fpu\libc.a(lib_a-gdtoa-hexnan.o)
                0x0800c538                __match
 .text.__hexnan
                0x0800c55e      0x11c c:/program files (x86)/atollic/truestudio for arm 6.0.0/armtools/bin/../lib/gcc/arm-atollic-eabi/5.3.1/../../../../arm-atollic-eabi/lib/armv7e-m/fpu\libc.a(lib_a-gdtoa-hexnan.o)
                0x0800c55e                __hexnan
 *fill*         0x0800c67a        0x2 
 .text._isatty_r
                0x0800c67c       0x20 c:/program files (x86)/atollic/truestudio for arm 6.0.0/armtools/bin/../lib/gcc/arm-atollic-eabi/5.3.1/../../../../arm-atollic-eabi/lib/armv7e-m/fpu\libc.a(lib_a-isattyr.o)
                0x0800c67c                _isatty_r
 .text._lseek_r
                0x0800c69c       0x24 c:/program files (x86)/atollic/truestudio for arm 6.0.0/armtools/bin/../lib/gcc/arm-atollic-eabi/5.3.1/../../../../arm-atollic-eabi/lib/armv7e-m/fpu\libc.a(lib_a-lseekr.o)
                0x0800c69c                _lseek_r
 .text.memmove  0x0800c6c0       0x36 c:/program files (x86)/atollic/truestudio for arm 6.0.0/armtools/bin/../lib/gcc/arm-atollic-eabi/5.3.1/../../../../arm-atollic-eabi/lib/armv7e-m/fpu\libc.a(lib_a-memmove.o)
                0x0800c6c0                memmove
 *fill*         0x0800c6f6        0x2 
 .text._realloc_r
                0x0800c6f8      0x350 c:/program files (x86)/atollic/truestudio for arm 6.0.0/armtools/bin/../lib/gcc/arm-atollic-eabi/5.3.1/../../../../arm-atollic-eabi/lib/armv7e-m/fpu\libc.a(lib_a-reallocr.o)
                0x0800c6f8                _realloc_r
 .text.strncmp  0x0800ca48       0x2a c:/program files (x86)/atollic/truestudio for arm 6.0.0/armtools/bin/../lib/gcc/arm-atollic-eabi/5.3.1/../../../../arm-atollic-eabi/lib/armv7e-m/fpu\libc.a(lib_a-strncmp.o)
                0x0800ca48                strncmp
 .text.__ssprint_r
                0x0800ca72       0xfe c:/program files (x86)/atollic/truestudio for arm 6.0.0/armtools/bin/../lib/gcc/arm-atollic-eabi/5.3.1/../../../../arm-atollic-eabi/lib/armv7e-m/fpu\libc.a(lib_a-svfiprintf.o)
                0x0800ca72                __ssprint_r
 .text.__swbuf_r
                0x0800cb70       0xbc c:/program files (x86)/atollic/truestudio for arm 6.0.0/armtools/bin/../lib/gcc/arm-atollic-eabi/5.3.1/../../../../arm-atollic-eabi/lib/armv7e-m/fpu\libc.a(lib_a-wbuf.o)
                0x0800cb70                __swbuf_r
 .text._wcrtomb_r
                0x0800cc2c       0x48 c:/program files (x86)/atollic/truestudio for arm 6.0.0/armtools/bin/../lib/gcc/arm-atollic-eabi/5.3.1/../../../../arm-atollic-eabi/lib/armv7e-m/fpu\libc.a(lib_a-wcrtomb.o)
                0x0800cc2c                _wcrtomb_r
 .text.__ascii_wctomb
                0x0800cc74       0x1a c:/program files (x86)/atollic/truestudio for arm 6.0.0/armtools/bin/../lib/gcc/arm-atollic-eabi/5.3.1/../../../../arm-atollic-eabi/lib/armv7e-m/fpu\libc.a(lib_a-wctomb_r.o)
                0x0800cc74                __ascii_wctomb
 *fill*         0x0800cc8e        0x2 
 .text._close   0x0800cc90       0x10 c:/program files (x86)/atollic/truestudio for arm 6.0.0/armtools/bin/../lib/gcc/arm-atollic-eabi/5.3.1/../../../../arm-atollic-eabi/lib/armv7e-m/fpu\libnosys.a(close.o)
                0x0800cc90                _close
 .text._fstat   0x0800cca0       0x10 c:/program files (x86)/atollic/truestudio for arm 6.0.0/armtools/bin/../lib/gcc/arm-atollic-eabi/5.3.1/../../../../arm-atollic-eabi/lib/armv7e-m/fpu\libnosys.a(fstat.o)
                0x0800cca0                _fstat
 .text._isatty  0x0800ccb0       0x10 c:/program files (x86)/atollic/truestudio for arm 6.0.0/armtools/bin/../lib/gcc/arm-atollic-eabi/5.3.1/../../../../arm-atollic-eabi/lib/armv7e-m/fpu\libnosys.a(isatty.o)
                0x0800ccb0                _isatty
 .text._lseek   0x0800ccc0       0x10 c:/program files (x86)/atollic/truestudio for arm 6.0.0/armtools/bin/../lib/gcc/arm-atollic-eabi/5.3.1/../../../../arm-atollic-eabi/lib/armv7e-m/fpu\libnosys.a(lseek.o)
                0x0800ccc0                _lseek
 .text._sbrk    0x0800ccd0       0x1c c:/program files (x86)/atollic/truestudio for arm 6.0.0/armtools/bin/../lib/gcc/arm-atollic-eabi/5.3.1/../../../../arm-atollic-eabi/lib/armv7e-m/fpu\libnosys.a(sbrk.o)
                0x0800ccd0                _sbrk
 *(.glue_7)
 .glue_7        0x0800ccec        0x0 linker stubs
 *(.glue_7t)
 .glue_7t       0x0800ccec        0x0 linker stubs
 *(.eh_frame)
 .eh_frame      0x0800ccec        0x0 c:/program files (x86)/atollic/truestudio for arm 6.0.0/armtools/bin/../lib/gcc/arm-atollic-eabi/5.3.1/armv7e-m/fpu/crtbegin.o
 *(.init)
 .init          0x0800ccec        0x4 c:/program files (x86)/atollic/truestudio for arm 6.0.0/armtools/bin/../lib/gcc/arm-atollic-eabi/5.3.1/armv7e-m/fpu/crti.o
                0x0800ccec                _init
 .init          0x0800ccf0        0x8 c:/program files (x86)/atollic/truestudio for arm 6.0.0/armtools/bin/../lib/gcc/arm-atollic-eabi/5.3.1/armv7e-m/fpu/crtn.o
 *(.fini)
 .fini          0x0800ccf8        0x4 c:/program files (x86)/atollic/truestudio for arm 6.0.0/armtools/bin/../lib/gcc/arm-atollic-eabi/5.3.1/armv7e-m/fpu/crti.o
                0x0800ccf8                _fini
 .fini          0x0800ccfc        0x8 c:/program files (x86)/atollic/truestudio for arm 6.0.0/armtools/bin/../lib/gcc/arm-atollic-eabi/5.3.1/armv7e-m/fpu/crtn.o
                0x0800cd04                . = ALIGN (0x4)
                0x0800cd04                _etext = .

.vfp11_veneer   0x0800cd04        0x0
 .vfp11_veneer  0x0800cd04        0x0 linker stubs

.v4_bx          0x0800cd04        0x0
 .v4_bx         0x0800cd04        0x0 linker stubs

.iplt           0x0800cd04        0x0
 .iplt          0x0800cd04        0x0 c:/program files (x86)/atollic/truestudio for arm 6.0.0/armtools/bin/../lib/gcc/arm-atollic-eabi/5.3.1/armv7e-m/fpu/crtbegin.o

.rodata         0x0800cd08      0x408
                0x0800cd08                . = ALIGN (0x4)
 *(.rodata)
 *(.rodata*)
 .rodata.AHBPrescTable
                0x0800cd08       0x10 Drivers\CMSIS\Device\ST\STM32F3xx\Source\Templates\system_stm32f3xx.o
                0x0800cd08                AHBPrescTable
 .rodata.aPredivFactorTable
                0x0800cd18       0x10 Drivers\STM32F3xx_HAL_Driver\Src\stm32f3xx_hal_rcc.o
                0x0800cd18                aPredivFactorTable
 .rodata.aPLLMULFactorTable
                0x0800cd28       0x10 Drivers\STM32F3xx_HAL_Driver\Src\stm32f3xx_hal_rcc.o
                0x0800cd28                aPLLMULFactorTable
 .rodata.str1.4
                0x0800cd38       0x14 Src\main.o
 .rodata.str1.4
                0x0800cd4c       0x58 Src\usbd_desc.o
                                 0x56 (size before relaxing)
 .rodata.blanks.7059
                0x0800cda4       0x10 c:/program files (x86)/atollic/truestudio for arm 6.0.0/armtools/bin/../lib/gcc/arm-atollic-eabi/5.3.1/../../../../arm-atollic-eabi/lib/armv7e-m/fpu\libc.a(lib_a-vfprintf.o)
 .rodata.str1.1
                0x0800cdb4       0x34 c:/program files (x86)/atollic/truestudio for arm 6.0.0/armtools/bin/../lib/gcc/arm-atollic-eabi/5.3.1/../../../../arm-atollic-eabi/lib/armv7e-m/fpu\libc.a(lib_a-vfprintf.o)
 .rodata.zeroes.7060
                0x0800cde8       0x10 c:/program files (x86)/atollic/truestudio for arm 6.0.0/armtools/bin/../lib/gcc/arm-atollic-eabi/5.3.1/../../../../arm-atollic-eabi/lib/armv7e-m/fpu\libc.a(lib_a-vfprintf.o)
 .rodata.str1.1
                0x0800cdf8        0x5 c:/program files (x86)/atollic/truestudio for arm 6.0.0/armtools/bin/../lib/gcc/arm-atollic-eabi/5.3.1/../../../../arm-atollic-eabi/lib/armv7e-m/fpu\libc.a(lib_a-vfscanf.o)
 *fill*         0x0800cdfd        0x1 
 .rodata.basefix.7015
                0x0800cdfe       0x22 c:/program files (x86)/atollic/truestudio for arm 6.0.0/armtools/bin/../lib/gcc/arm-atollic-eabi/5.3.1/../../../../arm-atollic-eabi/lib/armv7e-m/fpu\libc.a(lib_a-vfscanf.o)
 .rodata._ctype_
                0x0800ce20      0x101 c:/program files (x86)/atollic/truestudio for arm 6.0.0/armtools/bin/../lib/gcc/arm-atollic-eabi/5.3.1/../../../../arm-atollic-eabi/lib/armv7e-m/fpu\libc.a(lib_a-ctype_.o)
                0x0800ce20                _ctype_
 .rodata.str1.1
                0x0800cf21        0xd c:/program files (x86)/atollic/truestudio for arm 6.0.0/armtools/bin/../lib/gcc/arm-atollic-eabi/5.3.1/../../../../arm-atollic-eabi/lib/armv7e-m/fpu\libc.a(lib_a-dtoa.o)
                                  0xf (size before relaxing)
 *fill*         0x0800cf2e        0x2 
 .rodata.__sf_fake_stdin
                0x0800cf30       0x20 c:/program files (x86)/atollic/truestudio for arm 6.0.0/armtools/bin/../lib/gcc/arm-atollic-eabi/5.3.1/../../../../arm-atollic-eabi/lib/armv7e-m/fpu\libc.a(lib_a-findfp.o)
                0x0800cf30                __sf_fake_stdin
 .rodata.__sf_fake_stdout
                0x0800cf50       0x20 c:/program files (x86)/atollic/truestudio for arm 6.0.0/armtools/bin/../lib/gcc/arm-atollic-eabi/5.3.1/../../../../arm-atollic-eabi/lib/armv7e-m/fpu\libc.a(lib_a-findfp.o)
                0x0800cf50                __sf_fake_stdout
 .rodata.__sf_fake_stderr
                0x0800cf70       0x20 c:/program files (x86)/atollic/truestudio for arm 6.0.0/armtools/bin/../lib/gcc/arm-atollic-eabi/5.3.1/../../../../arm-atollic-eabi/lib/armv7e-m/fpu\libc.a(lib_a-findfp.o)
                0x0800cf70                __sf_fake_stderr
 .rodata.str1.1
                0x0800cf90        0x2 c:/program files (x86)/atollic/truestudio for arm 6.0.0/armtools/bin/../lib/gcc/arm-atollic-eabi/5.3.1/../../../../arm-atollic-eabi/lib/armv7e-m/fpu\libc.a(lib_a-impure.o)
 *fill*         0x0800cf92        0x2 
 .rodata._global_impure_ptr
                0x0800cf94        0x4 c:/program files (x86)/atollic/truestudio for arm 6.0.0/armtools/bin/../lib/gcc/arm-atollic-eabi/5.3.1/../../../../arm-atollic-eabi/lib/armv7e-m/fpu\libc.a(lib_a-impure.o)
                0x0800cf94                _global_impure_ptr
 .rodata.str1.1
                0x0800cf98        0x8 c:/program files (x86)/atollic/truestudio for arm 6.0.0/armtools/bin/../lib/gcc/arm-atollic-eabi/5.3.1/../../../../arm-atollic-eabi/lib/armv7e-m/fpu\libc.a(lib_a-locale.o)
                                  0xb (size before relaxing)
 .rodata.str1.1
                0x0800cfa0        0x1 c:/program files (x86)/atollic/truestudio for arm 6.0.0/armtools/bin/../lib/gcc/arm-atollic-eabi/5.3.1/../../../../arm-atollic-eabi/lib/armv7e-m/fpu\libc.a(lib_a-mbrtowc.o)
 .rodata.__mprec_tens
                0x0800cfa0       0xc8 c:/program files (x86)/atollic/truestudio for arm 6.0.0/armtools/bin/../lib/gcc/arm-atollic-eabi/5.3.1/../../../../arm-atollic-eabi/lib/armv7e-m/fpu\libc.a(lib_a-mprec.o)
                0x0800cfa0                __mprec_tens
 .rodata.__mprec_bigtens
                0x0800d068       0x28 c:/program files (x86)/atollic/truestudio for arm 6.0.0/armtools/bin/../lib/gcc/arm-atollic-eabi/5.3.1/../../../../arm-atollic-eabi/lib/armv7e-m/fpu\libc.a(lib_a-mprec.o)
                0x0800d068                __mprec_bigtens
 .rodata.p05.5388
                0x0800d090        0xc c:/program files (x86)/atollic/truestudio for arm 6.0.0/armtools/bin/../lib/gcc/arm-atollic-eabi/5.3.1/../../../../arm-atollic-eabi/lib/armv7e-m/fpu\libc.a(lib_a-mprec.o)
 .rodata.fpi.5345
                0x0800d09c       0x14 c:/program files (x86)/atollic/truestudio for arm 6.0.0/armtools/bin/../lib/gcc/arm-atollic-eabi/5.3.1/../../../../arm-atollic-eabi/lib/armv7e-m/fpu\libc.a(lib_a-strtod.o)
 .rodata.str1.1
                0x0800d0b0        0x8 c:/program files (x86)/atollic/truestudio for arm 6.0.0/armtools/bin/../lib/gcc/arm-atollic-eabi/5.3.1/../../../../arm-atollic-eabi/lib/armv7e-m/fpu\libc.a(lib_a-strtod.o)
                                  0xc (size before relaxing)
 .rodata.fpinan.5381
                0x0800d0b0       0x14 c:/program files (x86)/atollic/truestudio for arm 6.0.0/armtools/bin/../lib/gcc/arm-atollic-eabi/5.3.1/../../../../arm-atollic-eabi/lib/armv7e-m/fpu\libc.a(lib_a-strtod.o)
 *fill*         0x0800d0c4        0x4 
 .rodata.tinytens
                0x0800d0c8       0x28 c:/program files (x86)/atollic/truestudio for arm 6.0.0/armtools/bin/../lib/gcc/arm-atollic-eabi/5.3.1/../../../../arm-atollic-eabi/lib/armv7e-m/fpu\libc.a(lib_a-strtod.o)
 .rodata.zeroes.7045
                0x0800d0f0       0x10 c:/program files (x86)/atollic/truestudio for arm 6.0.0/armtools/bin/../lib/gcc/arm-atollic-eabi/5.3.1/../../../../arm-atollic-eabi/lib/armv7e-m/fpu\libc.a(lib_a-svfprintf.o)
 .rodata.str1.1
                0x0800d100       0x34 c:/program files (x86)/atollic/truestudio for arm 6.0.0/armtools/bin/../lib/gcc/arm-atollic-eabi/5.3.1/../../../../arm-atollic-eabi/lib/armv7e-m/fpu\libc.a(lib_a-svfprintf.o)
 .rodata.blanks.7044
                0x0800d100       0x10 c:/program files (x86)/atollic/truestudio for arm 6.0.0/armtools/bin/../lib/gcc/arm-atollic-eabi/5.3.1/../../../../arm-atollic-eabi/lib/armv7e-m/fpu\libc.a(lib_a-svfprintf.o)
                0x0800d134                . = ALIGN (0x4)

.ARM.extab
 *(.ARM.extab* .gnu.linkonce.armextab.*)

.ARM            0x0800d110        0x8
                0x0800d110                __exidx_start = .
 *(.ARM.exidx*)
 .ARM.exidx     0x0800d110        0x8 c:/program files (x86)/atollic/truestudio for arm 6.0.0/armtools/bin/../lib/gcc/arm-atollic-eabi/5.3.1/armv7e-m/fpu\libgcc.a(_udivmoddi4.o)
                0x0800d118                __exidx_end = .

.rel.dyn        0x0800d118        0x0
 .rel.iplt      0x0800d118        0x0 c:/program files (x86)/atollic/truestudio for arm 6.0.0/armtools/bin/../lib/gcc/arm-atollic-eabi/5.3.1/armv7e-m/fpu/crtbegin.o

.preinit_array  0x0800d118        0x0
                0x0800d118                PROVIDE (__preinit_array_start, .)
 *(.preinit_array*)
                0x0800d118                PROVIDE (__preinit_array_end, .)

.init_array     0x0800d118        0x4
                0x0800d118                PROVIDE (__init_array_start, .)
 *(SORT(.init_array.*))
 *(.init_array*)
 .init_array    0x0800d118        0x4 c:/program files (x86)/atollic/truestudio for arm 6.0.0/armtools/bin/../lib/gcc/arm-atollic-eabi/5.3.1/armv7e-m/fpu/crtbegin.o
                0x0800d11c                PROVIDE (__init_array_end, .)

.fini_array     0x0800d11c        0x4
                [!provide]                PROVIDE (__fini_array_start, .)
 *(SORT(.fini_array.*))
 *(.fini_array*)
 .fini_array    0x0800d11c        0x4 c:/program files (x86)/atollic/truestudio for arm 6.0.0/armtools/bin/../lib/gcc/arm-atollic-eabi/5.3.1/armv7e-m/fpu/crtbegin.o
                [!provide]                PROVIDE (__fini_array_end, .)
                0x0800d120                _sidata = LOADADDR (.data)

.data           0x20000000      0x6c4 load address 0x0800d120
                0x20000000                . = ALIGN (0x4)
                0x20000000                _sdata = .
 *(.data)
 *(.data*)
 .data.SystemCoreClock
                0x20000000        0x4 Drivers\CMSIS\Device\ST\STM32F3xx\Source\Templates\system_stm32f3xx.o
                0x20000000                SystemCoreClock
 .data.USBD_CDC_CfgFSDesc
                0x20000004       0x43 Middlewares\ST\STM32_USB_Device_Library\Class\CDC\Src\usbd_cdc.o
                0x20000004                USBD_CDC_CfgFSDesc
 *fill*         0x20000047        0x1 
 .data.USBD_CDC
                0x20000048       0x38 Middlewares\ST\STM32_USB_Device_Library\Class\CDC\Src\usbd_cdc.o
                0x20000048                USBD_CDC
 .data.USBD_CDC_DeviceQualifierDesc
                0x20000080        0xa Middlewares\ST\STM32_USB_Device_Library\Class\CDC\Src\usbd_cdc.o
 *fill*         0x2000008a        0x2 
 .data.USBD_CDC_OtherSpeedCfgDesc
                0x2000008c       0x43 Middlewares\ST\STM32_USB_Device_Library\Class\CDC\Src\usbd_cdc.o
                0x2000008c                USBD_CDC_OtherSpeedCfgDesc
 *fill*         0x200000cf        0x1 
 .data.USBD_CDC_CfgHSDesc
                0x200000d0       0x43 Middlewares\ST\STM32_USB_Device_Library\Class\CDC\Src\usbd_cdc.o
                0x200000d0                USBD_CDC_CfgHSDesc
 *fill*         0x20000113        0x1 
 .data.USBD_Interface_fops_FS
                0x20000114       0x10 Src\usbd_cdc_if.o
                0x20000114                USBD_Interface_fops_FS
 .data.FS_Desc  0x20000124       0x1c Src\usbd_desc.o
                0x20000124                FS_Desc
 .data.USBD_LangIDDesc
                0x20000140        0x4 Src\usbd_desc.o
                0x20000140                USBD_LangIDDesc
 .data.USBD_FS_DeviceDesc
                0x20000144       0x12 Src\usbd_desc.o
                0x20000144                USBD_FS_DeviceDesc
 *fill*         0x20000156        0x2 
 .data.__ctype_ptr__
                0x20000158        0x4 c:/program files (x86)/atollic/truestudio for arm 6.0.0/armtools/bin/../lib/gcc/arm-atollic-eabi/5.3.1/../../../../arm-atollic-eabi/lib/armv7e-m/fpu\libc.a(lib_a-ctype_.o)
                0x20000158                __ctype_ptr__
 .data.impure_data
                0x2000015c       0xf0 c:/program files (x86)/atollic/truestudio for arm 6.0.0/armtools/bin/../lib/gcc/arm-atollic-eabi/5.3.1/../../../../arm-atollic-eabi/lib/armv7e-m/fpu\libc.a(lib_a-impure.o)
 .data._impure_ptr
                0x2000024c        0x4 c:/program files (x86)/atollic/truestudio for arm 6.0.0/armtools/bin/../lib/gcc/arm-atollic-eabi/5.3.1/../../../../arm-atollic-eabi/lib/armv7e-m/fpu\libc.a(lib_a-impure.o)
                0x2000024c                _impure_ptr
 .data.lconv    0x20000250       0x38 c:/program files (x86)/atollic/truestudio for arm 6.0.0/armtools/bin/../lib/gcc/arm-atollic-eabi/5.3.1/../../../../arm-atollic-eabi/lib/armv7e-m/fpu\libc.a(lib_a-locale.o)
 .data.lc_ctype_charset
                0x20000288       0x20 c:/program files (x86)/atollic/truestudio for arm 6.0.0/armtools/bin/../lib/gcc/arm-atollic-eabi/5.3.1/../../../../arm-atollic-eabi/lib/armv7e-m/fpu\libc.a(lib_a-locale.o)
 .data.__mb_cur_max
                0x200002a8        0x4 c:/program files (x86)/atollic/truestudio for arm 6.0.0/armtools/bin/../lib/gcc/arm-atollic-eabi/5.3.1/../../../../arm-atollic-eabi/lib/armv7e-m/fpu\libc.a(lib_a-locale.o)
                0x200002a8                __mb_cur_max
 .data.__malloc_av_
                0x200002ac      0x408 c:/program files (x86)/atollic/truestudio for arm 6.0.0/armtools/bin/../lib/gcc/arm-atollic-eabi/5.3.1/../../../../arm-atollic-eabi/lib/armv7e-m/fpu\libc.a(lib_a-mallocr.o)
                0x200002ac                __malloc_av_
 .data.__malloc_trim_threshold
                0x200006b4        0x4 c:/program files (x86)/atollic/truestudio for arm 6.0.0/armtools/bin/../lib/gcc/arm-atollic-eabi/5.3.1/../../../../arm-atollic-eabi/lib/armv7e-m/fpu\libc.a(lib_a-mallocr.o)
                0x200006b4                __malloc_trim_threshold
 .data.__malloc_sbrk_base
                0x200006b8        0x4 c:/program files (x86)/atollic/truestudio for arm 6.0.0/armtools/bin/../lib/gcc/arm-atollic-eabi/5.3.1/../../../../arm-atollic-eabi/lib/armv7e-m/fpu\libc.a(lib_a-mallocr.o)
                0x200006b8                __malloc_sbrk_base
 .data.__mbtowc
                0x200006bc        0x4 c:/program files (x86)/atollic/truestudio for arm 6.0.0/armtools/bin/../lib/gcc/arm-atollic-eabi/5.3.1/../../../../arm-atollic-eabi/lib/armv7e-m/fpu\libc.a(lib_a-mbtowc_r.o)
                0x200006bc                __mbtowc
 .data.__wctomb
                0x200006c0        0x4 c:/program files (x86)/atollic/truestudio for arm 6.0.0/armtools/bin/../lib/gcc/arm-atollic-eabi/5.3.1/../../../../arm-atollic-eabi/lib/armv7e-m/fpu\libc.a(lib_a-wctomb_r.o)
                0x200006c0                __wctomb
                0x200006c4                . = ALIGN (0x4)
                0x200006c4                _edata = .
                0x0800d7e4                _siccmram = LOADADDR (.ccmram)

.igot.plt       0x200006c4        0x0 load address 0x0800d7e4
 .igot.plt      0x200006c4        0x0 c:/program files (x86)/atollic/truestudio for arm 6.0.0/armtools/bin/../lib/gcc/arm-atollic-eabi/5.3.1/armv7e-m/fpu/crtbegin.o

.ccmram         0x10000000        0x0 load address 0x0800d7e4
                0x10000000                . = ALIGN (0x4)
                0x10000000                _sccmram = .
 *(.ccmram)
 *(.ccmram*)
                0x10000000                . = ALIGN (0x4)
                0x10000000                _eccmram = .
                0x10000000                . = ALIGN (0x4)

.bss            0x200006c4      0xbc4
                0x200006c4                _sbss = .
                0x200006c4                __bss_start__ = _sbss
 *(.bss)
 .bss           0x200006c4       0x1c c:/program files (x86)/atollic/truestudio for arm 6.0.0/armtools/bin/../lib/gcc/arm-atollic-eabi/5.3.1/armv7e-m/fpu/crtbegin.o
 *(.bss*)
 .bss.ifalt.8797
                0x200006e0        0x1 Middlewares\ST\STM32_USB_Device_Library\Class\CDC\Src\usbd_cdc.o
 .bss.cfgidx.8802
                0x200006e1        0x1 Middlewares\ST\STM32_USB_Device_Library\Core\Src\usbd_ctlreq.o
 *fill*         0x200006e2        0x2 
 .bss.adcMeasurementNumber
                0x200006e4        0x4 Src\main.o
 .bss.GPIO_InitStruct
                0x200006e8       0x14 Src\main.o
 .bss.adcLastRead
                0x200006fc        0x4 Src\main.o
 .bss.mem.8868  0x20000700      0x220 Src\usbd_conf.o
 .bss.__malloc_max_total_mem
                0x20000920        0x4 c:/program files (x86)/atollic/truestudio for arm 6.0.0/armtools/bin/../lib/gcc/arm-atollic-eabi/5.3.1/../../../../arm-atollic-eabi/lib/armv7e-m/fpu\libc.a(lib_a-mallocr.o)
                0x20000920                __malloc_max_total_mem
 .bss.__malloc_max_sbrked_mem
                0x20000924        0x4 c:/program files (x86)/atollic/truestudio for arm 6.0.0/armtools/bin/../lib/gcc/arm-atollic-eabi/5.3.1/../../../../arm-atollic-eabi/lib/armv7e-m/fpu\libc.a(lib_a-mallocr.o)
                0x20000924                __malloc_max_sbrked_mem
 .bss.__malloc_top_pad
                0x20000928        0x4 c:/program files (x86)/atollic/truestudio for arm 6.0.0/armtools/bin/../lib/gcc/arm-atollic-eabi/5.3.1/../../../../arm-atollic-eabi/lib/armv7e-m/fpu\libc.a(lib_a-mallocr.o)
                0x20000928                __malloc_top_pad
 .bss.__malloc_current_mallinfo
                0x2000092c       0x28 c:/program files (x86)/atollic/truestudio for arm 6.0.0/armtools/bin/../lib/gcc/arm-atollic-eabi/5.3.1/../../../../arm-atollic-eabi/lib/armv7e-m/fpu\libc.a(lib_a-mallocr.o)
                0x2000092c                __malloc_current_mallinfo
 .bss.heap_end.4169
                0x20000954        0x4 c:/program files (x86)/atollic/truestudio for arm 6.0.0/armtools/bin/../lib/gcc/arm-atollic-eabi/5.3.1/../../../../arm-atollic-eabi/lib/armv7e-m/fpu\libnosys.a(sbrk.o)
 *(COMMON)
 COMMON         0x20000958        0x4 Drivers\STM32F3xx_HAL_Driver\Src\stm32f3xx_hal.o
                0x20000958                uwTick
 COMMON         0x2000095c      0x154 Src\main.o
                0x2000095c                htim8
                0x20000998                htim15
                0x200009d4                VcpQueue
                0x20000a20                hadc1
                0x20000a74                htim2
 COMMON         0x20000ab0      0x224 Src\usb_device.o
                0x20000ab0                hUsbDeviceFS
 COMMON         0x20000cd4        0x8 Src\usbd_cdc_if.o
                0x20000cd4                UserRxBufferFS
                0x20000cd8                UserTxBufferFS
 COMMON         0x20000cdc      0x3a8 Src\usbd_conf.o
                0x20000cdc                hpcd_USB_FS
 COMMON         0x20001084      0x200 Src\usbd_desc.o
                0x20001084                USBD_StrDesc
 COMMON         0x20001284        0x4 c:/program files (x86)/atollic/truestudio for arm 6.0.0/armtools/bin/../lib/gcc/arm-atollic-eabi/5.3.1/../../../../arm-atollic-eabi/lib/armv7e-m/fpu\libc.a(lib_a-reent.o)
                0x20001284                errno
                0x20001288                . = ALIGN (0x4)
                0x20001288                _ebss = .
                0x20001288                __bss_end__ = _ebss

._user_heap_stack
                0x20001288      0x600
                0x20001288                . = ALIGN (0x4)
                0x20001288                PROVIDE (end, .)
                [!provide]                PROVIDE (_end, .)
                0x20001488                . = (. + _Min_Heap_Size)
 *fill*         0x20001288      0x200 
                0x20001888                . = (. + _Min_Stack_Size)
 *fill*         0x20001488      0x400 
                0x20001888                . = ALIGN (0x4)

/DISCARD/
 libc.a(*)
 libm.a(*)
 libgcc.a(*)

.ARM.attributes
                0x00000000       0x30
 *(.ARM.attributes)
 .ARM.attributes
                0x00000000       0x22 c:/program files (x86)/atollic/truestudio for arm 6.0.0/armtools/bin/../lib/gcc/arm-atollic-eabi/5.3.1/armv7e-m/fpu/crti.o
 .ARM.attributes
                0x00000022       0x34 c:/program files (x86)/atollic/truestudio for arm 6.0.0/armtools/bin/../lib/gcc/arm-atollic-eabi/5.3.1/armv7e-m/fpu/crtbegin.o
 .ARM.attributes
                0x00000056       0x21 Drivers\CMSIS\Device\ST\STM32F3xx\Source\Templates\gcc\startup_stm32f303xc.o
 .ARM.attributes
                0x00000077       0x39 Drivers\CMSIS\Device\ST\STM32F3xx\Source\Templates\system_stm32f3xx.o
 .ARM.attributes
                0x000000b0       0x39 Drivers\STM32F3xx_HAL_Driver\Src\stm32f3xx_hal.o
 .ARM.attributes
                0x000000e9       0x39 Drivers\STM32F3xx_HAL_Driver\Src\stm32f3xx_hal_adc_ex.o
 .ARM.attributes
                0x00000122       0x39 Drivers\STM32F3xx_HAL_Driver\Src\stm32f3xx_hal_cortex.o
 .ARM.attributes
                0x0000015b       0x39 Drivers\STM32F3xx_HAL_Driver\Src\stm32f3xx_hal_gpio.o
 .ARM.attributes
                0x00000194       0x39 Drivers\STM32F3xx_HAL_Driver\Src\stm32f3xx_hal_pcd.o
 .ARM.attributes
                0x000001cd       0x39 Drivers\STM32F3xx_HAL_Driver\Src\stm32f3xx_hal_pcd_ex.o
 .ARM.attributes
                0x00000206       0x39 Drivers\STM32F3xx_HAL_Driver\Src\stm32f3xx_hal_rcc.o
 .ARM.attributes
                0x0000023f       0x39 Drivers\STM32F3xx_HAL_Driver\Src\stm32f3xx_hal_rcc_ex.o
 .ARM.attributes
                0x00000278       0x39 Drivers\STM32F3xx_HAL_Driver\Src\stm32f3xx_hal_tim.o
 .ARM.attributes
                0x000002b1       0x39 Drivers\STM32F3xx_HAL_Driver\Src\stm32f3xx_hal_tim_ex.o
 .ARM.attributes
                0x000002ea       0x39 Middlewares\ST\STM32_USB_Device_Library\Class\CDC\Src\usbd_cdc.o
 .ARM.attributes
                0x00000323       0x39 Middlewares\ST\STM32_USB_Device_Library\Core\Src\usbd_core.o
 .ARM.attributes
                0x0000035c       0x39 Middlewares\ST\STM32_USB_Device_Library\Core\Src\usbd_ctlreq.o
 .ARM.attributes
                0x00000395       0x39 Middlewares\ST\STM32_USB_Device_Library\Core\Src\usbd_ioreq.o
 .ARM.attributes
                0x000003ce       0x39 Src\HD44780_F3.o
 .ARM.attributes
                0x00000407       0x39 Src\main.o
 .ARM.attributes
                0x00000440       0x39 Src\stm32f3xx_hal_msp.o
 .ARM.attributes
                0x00000479       0x39 Src\stm32f3xx_it.o
 .ARM.attributes
                0x000004b2       0x39 Src\usb_device.o
 .ARM.attributes
                0x000004eb       0x39 Src\usbd_cdc_if.o
 .ARM.attributes
                0x00000524       0x39 Src\usbd_conf.o